Archive member included to satisfy reference by file (symbol)

C:/ST/STM32CubeIDE_1.17.0/STM32CubeIDE/plugins/com.st.stm32cube.ide.mcu.externaltools.gnu-tools-for-stm32.12.3.rel1.win32_1.1.0.202410251130/tools/bin/../lib/gcc/arm-none-eabi/12.3.1/../../../../arm-none-eabi/lib/thumb/v7e-m+fp/hard\libc_nano.a(libc_a-exit.o)
                              C:/ST/STM32CubeIDE_1.17.0/STM32CubeIDE/plugins/com.st.stm32cube.ide.mcu.externaltools.gnu-tools-for-stm32.12.3.rel1.win32_1.1.0.202410251130/tools/bin/../lib/gcc/arm-none-eabi/12.3.1/../../../../arm-none-eabi/lib/thumb/v7e-m+fp/hard/crt0.o (exit)
C:/ST/STM32CubeIDE_1.17.0/STM32CubeIDE/plugins/com.st.stm32cube.ide.mcu.externaltools.gnu-tools-for-stm32.12.3.rel1.win32_1.1.0.202410251130/tools/bin/../lib/gcc/arm-none-eabi/12.3.1/../../../../arm-none-eabi/lib/thumb/v7e-m+fp/hard\libc_nano.a(libc_a-findfp.o)
                              ./Middlewares/Third_Party/FreeRTOS/Source/tasks.o (__sf)
C:/ST/STM32CubeIDE_1.17.0/STM32CubeIDE/plugins/com.st.stm32cube.ide.mcu.externaltools.gnu-tools-for-stm32.12.3.rel1.win32_1.1.0.202410251130/tools/bin/../lib/gcc/arm-none-eabi/12.3.1/../../../../arm-none-eabi/lib/thumb/v7e-m+fp/hard\libc_nano.a(libc_a-fwalk.o)
                              C:/ST/STM32CubeIDE_1.17.0/STM32CubeIDE/plugins/com.st.stm32cube.ide.mcu.externaltools.gnu-tools-for-stm32.12.3.rel1.win32_1.1.0.202410251130/tools/bin/../lib/gcc/arm-none-eabi/12.3.1/../../../../arm-none-eabi/lib/thumb/v7e-m+fp/hard\libc_nano.a(libc_a-findfp.o) (_fwalk_sglue)
C:/ST/STM32CubeIDE_1.17.0/STM32CubeIDE/plugins/com.st.stm32cube.ide.mcu.externaltools.gnu-tools-for-stm32.12.3.rel1.win32_1.1.0.202410251130/tools/bin/../lib/gcc/arm-none-eabi/12.3.1/../../../../arm-none-eabi/lib/thumb/v7e-m+fp/hard\libc_nano.a(libc_a-snprintf.o)
                              ./Core/Src/main.o (snprintf)
C:/ST/STM32CubeIDE_1.17.0/STM32CubeIDE/plugins/com.st.stm32cube.ide.mcu.externaltools.gnu-tools-for-stm32.12.3.rel1.win32_1.1.0.202410251130/tools/bin/../lib/gcc/arm-none-eabi/12.3.1/../../../../arm-none-eabi/lib/thumb/v7e-m+fp/hard\libc_nano.a(libc_a-sprintf.o)
                              ./Core/Src/main.o (sprintf)
C:/ST/STM32CubeIDE_1.17.0/STM32CubeIDE/plugins/com.st.stm32cube.ide.mcu.externaltools.gnu-tools-for-stm32.12.3.rel1.win32_1.1.0.202410251130/tools/bin/../lib/gcc/arm-none-eabi/12.3.1/../../../../arm-none-eabi/lib/thumb/v7e-m+fp/hard\libc_nano.a(libc_a-stdio.o)
                              C:/ST/STM32CubeIDE_1.17.0/STM32CubeIDE/plugins/com.st.stm32cube.ide.mcu.externaltools.gnu-tools-for-stm32.12.3.rel1.win32_1.1.0.202410251130/tools/bin/../lib/gcc/arm-none-eabi/12.3.1/../../../../arm-none-eabi/lib/thumb/v7e-m+fp/hard\libc_nano.a(libc_a-findfp.o) (__sread)
C:/ST/STM32CubeIDE_1.17.0/STM32CubeIDE/plugins/com.st.stm32cube.ide.mcu.externaltools.gnu-tools-for-stm32.12.3.rel1.win32_1.1.0.202410251130/tools/bin/../lib/gcc/arm-none-eabi/12.3.1/../../../../arm-none-eabi/lib/thumb/v7e-m+fp/hard\libc_nano.a(libc_a-memset.o)
                              C:/ST/STM32CubeIDE_1.17.0/STM32CubeIDE/plugins/com.st.stm32cube.ide.mcu.externaltools.gnu-tools-for-stm32.12.3.rel1.win32_1.1.0.202410251130/tools/bin/../lib/gcc/arm-none-eabi/12.3.1/../../../../arm-none-eabi/lib/thumb/v7e-m+fp/hard/crt0.o (memset)
C:/ST/STM32CubeIDE_1.17.0/STM32CubeIDE/plugins/com.st.stm32cube.ide.mcu.externaltools.gnu-tools-for-stm32.12.3.rel1.win32_1.1.0.202410251130/tools/bin/../lib/gcc/arm-none-eabi/12.3.1/../../../../arm-none-eabi/lib/thumb/v7e-m+fp/hard\libc_nano.a(libc_a-closer.o)
                              C:/ST/STM32CubeIDE_1.17.0/STM32CubeIDE/plugins/com.st.stm32cube.ide.mcu.externaltools.gnu-tools-for-stm32.12.3.rel1.win32_1.1.0.202410251130/tools/bin/../lib/gcc/arm-none-eabi/12.3.1/../../../../arm-none-eabi/lib/thumb/v7e-m+fp/hard\libc_nano.a(libc_a-stdio.o) (_close_r)
C:/ST/STM32CubeIDE_1.17.0/STM32CubeIDE/plugins/com.st.stm32cube.ide.mcu.externaltools.gnu-tools-for-stm32.12.3.rel1.win32_1.1.0.202410251130/tools/bin/../lib/gcc/arm-none-eabi/12.3.1/../../../../arm-none-eabi/lib/thumb/v7e-m+fp/hard\libc_nano.a(libc_a-reent.o)
                              ./Middlewares/Third_Party/FreeRTOS/Source/tasks.o (_reclaim_reent)
C:/ST/STM32CubeIDE_1.17.0/STM32CubeIDE/plugins/com.st.stm32cube.ide.mcu.externaltools.gnu-tools-for-stm32.12.3.rel1.win32_1.1.0.202410251130/tools/bin/../lib/gcc/arm-none-eabi/12.3.1/../../../../arm-none-eabi/lib/thumb/v7e-m+fp/hard\libc_nano.a(libc_a-impure.o)
                              ./Middlewares/Third_Party/FreeRTOS/Source/tasks.o (_impure_ptr)
C:/ST/STM32CubeIDE_1.17.0/STM32CubeIDE/plugins/com.st.stm32cube.ide.mcu.externaltools.gnu-tools-for-stm32.12.3.rel1.win32_1.1.0.202410251130/tools/bin/../lib/gcc/arm-none-eabi/12.3.1/../../../../arm-none-eabi/lib/thumb/v7e-m+fp/hard\libc_nano.a(libc_a-lseekr.o)
[...]
Memory Configuration

Name             Origin             Length             Attributes
RAM              0x20000000         0x00020000         xrw
FLASH            0x08000000         0x00080000         xr
*default*        0x00000000         0xffffffff

Linker script and memory map

LOAD C:/ST/STM32CubeIDE_1.17.0/STM32CubeIDE/plugins/com.st.stm32cube.ide.mcu.externaltools.gnu-tools-for-stm32.12.3.rel1.win32_1.1.0.202410251130/tools/bin/../lib/gcc/arm-none-eabi/12.3.1/thumb/v7e-m+fp/hard/crti.o
LOAD C:/ST/STM32CubeIDE_1.17.0/STM32CubeIDE/plugins/com.st.stm32cube.ide.mcu.externaltools.gnu-tools-for-stm32.12.3.rel1.win32_1.1.0.202410251130/tools/bin/../lib/gcc/arm-none-eabi/12.3.1/thumb/v7e-m+fp/hard/crtbegin.o
LOAD C:/ST/STM32CubeIDE_1.17.0/STM32CubeIDE/plugins/com.st.stm32cube.ide.mcu.externaltools.gnu-tools-for-stm32.12.3.rel1.win32_1.1.0.202410251130/tools/bin/../lib/gcc/arm-none-eabi/12.3.1/../../../../arm-none-eabi/lib/thumb/v7e-m+fp/hard/crt0.o
LOAD ./Core/Src/Keypad4X4.o
LOAD ./Core/Src/fonts.o
LOAD ./Core/Src/freertos.o
LOAD ./Core/Src/main.o
LOAD ./Core/Src/ssd1306.o
LOAD ./Core/Src/stm32f4xx_hal_msp.o
LOAD ./Core/Src/stm32f4xx_hal_timebase_tim.o
LOAD ./Core/Src/stm32f4xx_it.o
LOAD ./Core/Src/syscalls.o
LOAD ./Core/Src/sysmem.o
LOAD ./Core/Src/system_stm32f4xx.o
LOAD ./Core/Startup/startup_stm32f446retx.o
LOAD ./Drivers/STM32F4xx_HAL_Driver/Src/stm32f4xx_hal.o
LOAD ./Drivers/STM32F4xx_HAL_Driver/Src/stm32f4xx_hal_cortex.o
LOAD ./Drivers/STM32F4xx_HAL_Driver/Src/stm32f4xx_hal_dma.o
LOAD ./Drivers/STM32F4xx_HAL_Driver/Src/stm32f4xx_hal_dma_ex.o
LOAD ./Drivers/STM32F4xx_HAL_Driver/Src/stm32f4xx_hal_exti.o
LOAD ./Drivers/STM32F4xx_HAL_Driver/Src/stm32f4xx_hal_flash.o
LOAD ./Drivers/STM32F4xx_HAL_Driver/Src/stm32f4xx_hal_flash_ex.o
LOAD ./Drivers/STM32F4xx_HAL_Driver/Src/stm32f4xx_hal_flash_ramfunc.o
LOAD ./Drivers/STM32F4xx_HAL_Driver/Src/stm32f4xx_hal_gpio.o
LOAD ./Drivers/STM32F4xx_HAL_Driver/Src/stm32f4xx_hal_i2c.o
LOAD ./Drivers/STM32F4xx_HAL_Driver/Src/stm32f4xx_hal_i2c_ex.o
LOAD ./Drivers/STM32F4xx_HAL_Driver/Src/stm32f4xx_hal_pwr.o
LOAD ./Drivers/STM32F4xx_HAL_Driver/Src/stm32f4xx_hal_pwr_ex.o
LOAD ./Drivers/STM32F4xx_HAL_Driver/Src/stm32f4xx_hal_rcc.o
LOAD ./Drivers/STM32F4xx_HAL_Driver/Src/stm32f4xx_hal_rcc_ex.o
LOAD ./Drivers/STM32F4xx_HAL_Driver/Src/stm32f4xx_hal_tim.o
LOAD ./Drivers/STM32F4xx_HAL_Driver/Src/stm32f4xx_hal_tim_ex.o
LOAD ./Drivers/STM32F4xx_HAL_Driver/Src/stm32f4xx_hal_uart.o
LOAD ./Middlewares/Third_Party/FreeRTOS/Source/CMSIS_RTOS_V2/cmsis_os2.o
LOAD ./Middlewares/Third_Party/FreeRTOS/Source/croutine.o
LOAD ./Middlewares/Third_Party/FreeRTOS/Source/event_groups.o
LOAD ./Middlewares/Third_Party/FreeRTOS/Source/list.o
LOAD ./Middlewares/Third_Party/FreeRTOS/Source/queue.o
LOAD ./Middlewares/Third_Party/FreeRTOS/Source/stream_buffer.o
LOAD ./Middlewares/Third_Party/FreeRTOS/Source/tasks.o
LOAD ./Middlewares/Third_Party/FreeRTOS/Source/timers.o
LOAD ./Middlewares/Third_Party/FreeRTOS/Source/portable/GCC/ARM_CM4F/port.o
LOAD ./Middlewares/Third_Party/FreeRTOS/Source/portable/MemMang/heap_4.o
START GROUP
LOAD C:/ST/STM32CubeIDE_1.17.0/STM32CubeIDE/plugins/com.st.stm32cube.ide.mcu.externaltools.gnu-tools-for-stm32.12.3.rel1.win32_1.1.0.202410251130/tools/bin/../lib/gcc/arm-none-eabi/12.3.1/../../../../arm-none-eabi/lib/thumb/v7e-m+fp/hard\libc_nano.a
LOAD C:/ST/STM32CubeIDE_1.17.0/STM32CubeIDE/plugins/com.st.stm32cube.ide.mcu.externaltools.gnu-tools-for-stm32.12.3.rel1.win32_1.1.0.202410251130/tools/bin/../lib/gcc/arm-none-eabi/12.3.1/../../../../arm-none-eabi/lib/thumb/v7e-m+fp/hard\libm.a
END GROUP
START GROUP
LOAD C:/ST/STM32CubeIDE_1.17.0/STM32CubeIDE/plugins/com.st.stm32cube.ide.mcu.externaltools.gnu-tools-for-stm32.12.3.rel1.win32_1.1.0.202410251130/tools/bin/../lib/gcc/arm-none-eabi/12.3.1/thumb/v7e-m+fp/hard\libgcc.a
LOAD C:/ST/STM32CubeIDE_1.17.0/STM32CubeIDE/plugins/com.st.stm32cube.ide.mcu.externaltools.gnu-tools-for-stm32.12.3.rel1.win32_1.1.0.202410251130/tools/bin/../lib/gcc/arm-none-eabi/12.3.1/../../../../arm-none-eabi/lib/thumb/v7e-m+fp/hard\libc_nano.a
END GROUP
START GROUP
LOAD C:/ST/STM32CubeIDE_1.17.0/STM32CubeIDE/plugins/com.st.stm32cube.ide.mcu.externaltools.gnu-tools-for-stm32.12.3.rel1.win32_1.1.0.202410251130/tools/bin/../lib/gcc/arm-none-eabi/12.3.1/thumb/v7e-m+fp/hard\libgcc.a
LOAD C:/ST/STM32CubeIDE_1.17.0/STM32CubeIDE/plugins/com.st.stm32cube.ide.mcu.externaltools.gnu-tools-for-stm32.12.3.rel1.win32_1.1.0.202410251130/tools/bin/../lib/gcc/arm-none-eabi/12.3.1/../../../../arm-none-eabi/lib/thumb/v7e-m+fp/hard\libc_nano.a
LOAD C:/ST/STM32CubeIDE_1.17.0/STM32CubeIDE/plugins/com.st.stm32cube.ide.mcu.externaltools.gnu-tools-for-stm32.12.3.rel1.win32_1.1.0.202410251130/tools/bin/../lib/gcc/arm-none-eabi/12.3.1/../../../../arm-none-eabi/lib/thumb/v7e-m+fp/hard\libnosys.a
END GROUP
START GROUP
LOAD C:/ST/STM32CubeIDE_1.17.0/STM32CubeIDE/plugins/com.st.stm32cube.ide.mcu.externaltools.gnu-tools-for-stm32.12.3.rel1.win32_1.1.0.202410251130/tools/bin/../lib/gcc/arm-none-eabi/12.3.1/thumb/v7e-m+fp/hard\libgcc.a
LOAD C:/ST/STM32CubeIDE_1.17.0/STM32CubeIDE/plugins/com.st.stm32cube.ide.mcu.externaltools.gnu-tools-for-stm32.12.3.rel1.win32_1.1.0.202410251130/tools/bin/../lib/gcc/arm-none-eabi/12.3.1/../../../../arm-none-eabi/lib/thumb/v7e-m+fp/hard\libc_nano.a
LOAD C:/ST/STM32CubeIDE_1.17.0/STM32CubeIDE/plugins/com.st.stm32cube.ide.mcu.externaltools.gnu-tools-for-stm32.12.3.rel1.win32_1.1.0.202410251130/tools/bin/../lib/gcc/arm-none-eabi/12.3.1/../../../../arm-none-eabi/lib/thumb/v7e-m+fp/hard\libnosys.a
END GROUP
LOAD C:/ST/STM32CubeIDE_1.17.0/STM32CubeIDE/plugins/com.st.stm32cube.ide.mcu.externaltools.gnu-tools-for-stm32.12.3.rel1.win32_1.1.0.202410251130/tools/bin/../lib/gcc/arm-none-eabi/12.3.1/thumb/v7e-m+fp/hard/crtend.o
LOAD C:/ST/STM32CubeIDE_1.17.0/STM32CubeIDE/plugins/com.st.stm32cube.ide.mcu.externaltools.gnu-tools-for-stm32.12.3.rel1.win32_1.1.0.202410251130/tools/bin/../lib/gcc/arm-none-eabi/12.3.1/thumb/v7e-m+fp/hard/crtn.o
                0x20020000                        _estack = (ORIGIN (RAM) + LENGTH (RAM))
                0x00000200                        _Min_Heap_Size = 0x200
                0x00000400                        _Min_Stack_Size = 0x400

.isr_vector     0x08000000      0x1c4
                0x08000000                        . = ALIGN (0x4)
 *(.isr_vector)
 .isr_vector    0x08000000      0x1c4 ./Core/Startup/startup_stm32f446retx.o
                0x08000000                g_pfnVectors
                0x080001c4                        . = ALIGN (0x4)

.text           0x080001d0     0x7894
                0x080001d0                        . = ALIGN (0x4)
 *(.text)
 .text          0x080001d0       0x40 C:/ST/STM32CubeIDE_1.17.0/STM32CubeIDE/plugins/com.st.stm32cube.ide.mcu.externaltools.gnu-tools-for-stm32.12.3.rel1.win32_1.1.0.202410251130/tools/bin/../lib/gcc/arm-none-eabi/12.3.1/thumb/v7e-m+fp/hard/crtbegin.o
 .text          0x08000210       0x10 C:/ST/STM32CubeIDE_1.17.0/STM32CubeIDE/plugins/com.st.stm32cube.ide.mcu.externaltools.gnu-tools-for-stm32.12.3.rel1.win32_1.1.0.202410251130/tools/bin/../lib/gcc/arm-none-eabi/12.3.1/../../../../arm-none-eabi/lib/thumb/v7e-m+fp/hard\libc_nano.a(libc_a-strlen.o)
                0x08000210                strlen
 .text          0x08000220       0xa0 C:/ST/STM32CubeIDE_1.17.0/STM32CubeIDE/plugins/com.st.stm32cube.ide.mcu.externaltools.gnu-tools-for-stm32.12.3.rel1.win32_1.1.0.202410251130/tools/bin/../lib/gcc/arm-none-eabi/12.3.1/../../../../arm-none-eabi/lib/thumb/v7e-m+fp/hard\libc_nano.a(libc_a-memchr.o)
                0x08000220                memchr
 .text          0x080002c0       0x30 C:/ST/STM32CubeIDE_1.17.0/STM32CubeIDE/plugins/com.st.stm32cube.ide.mcu.externaltools.gnu-tools-for-stm32.12.3.rel1.win32_1.1.0.202410251130/tools/bin/../lib/gcc/arm-none-eabi/12.3.1/thumb/v7e-m+fp/hard\libgcc.a(_aeabi_uldivmod.o)
                0x080002c0                __aeabi_uldivmod
 .text          0x080002f0      0x2bc C:/ST/STM32CubeIDE_1.17.0/STM32CubeIDE/plugins/com.st.stm32cube.ide.mcu.externaltools.gnu-tools-for-stm32.12.3.rel1.win32_1.1.0.202410251130/tools/bin/../lib/gcc/arm-none-eabi/12.3.1/thumb/v7e-m+fp/hard\libgcc.a(_udivmoddi4.o)
                0x080002f0                __udivmoddi4
 .text          0x080005ac        0x4 C:/ST/STM32CubeIDE_1.17.0/STM32CubeIDE/plugins/com.st.stm32cube.ide.mcu.externaltools.gnu-tools-for-stm32.12.3.rel1.win32_1.1.0.202410251130/tools/bin/../lib/gcc/arm-none-eabi/12.3.1/thumb/v7e-m+fp/hard\libgcc.a(_dvmd_tls.o)
                0x080005ac                __aeabi_idiv0
                0x080005ac                __aeabi_ldiv0
 *(.text*)
 .text.Get_Key  0x080005b0      0x368 ./Core/Src/Keypad4X4.o
                0x080005b0                Get_Key
 .text.main     0x08000918       0x94 ./Core/Src/main.o
                0x08000918                main
 .text.SystemClock_Config
                0x080009ac       0xdc ./Core/Src/main.o
                0x080009ac                SystemClock_Config
 .text.MX_I2C1_Init
                0x08000a88       0x5c ./Core/Src/main.o
 .text.MX_USART2_UART_Init
                0x08000ae4       0x54 ./Core/Src/main.o
 .text.MX_GPIO_Init
                0x08000b38      0x164 ./Core/Src/main.o
 .text.setNStars
                0x08000c9c       0x36 ./Core/Src/main.o
                0x08000c9c                setNStars
 *fill*         0x08000cd2        0x2 
 .text.StartKeypadTask
                0x08000cd4      0x174 ./Core/Src/main.o
                0x08000cd4                StartKeypadTask
 .text.StartOledTask
                0x08000e48      0x108 ./Core/Src/main.o
                0x08000e48                StartOledTask
 .text.HAL_TIM_PeriodElapsedCallback
                0x08000f50       0x24 ./Core/Src/main.o
                0x08000f50                HAL_TIM_PeriodElapsedCallback
 .text.Error_Handler
                0x08000f74        0xc ./Core/Src/main.o
                0x08000f74                Error_Handler
 .text.SSD1306_Init
                0x08000f80      0x188 ./Core/Src/ssd1306.o
                0x08000f80                SSD1306_Init
 .text.SSD1306_UpdateScreen
                0x08001108       0x5c ./Core/Src/ssd1306.o
                0x08001108                SSD1306_UpdateScreen
 .text.SSD1306_Fill
                0x08001164       0x30 ./Core/Src/ssd1306.o
                0x08001164                SSD1306_Fill
 .text.SSD1306_DrawPixel
                0x08001194       0xc0 ./Core/Src/ssd1306.o
                0x08001194                SSD1306_DrawPixel
 .text.SSD1306_GotoXY
                0x08001254       0x2c ./Core/Src/ssd1306.o
                0x08001254                SSD1306_GotoXY
 .text.SSD1306_Putc
                0x08001280       0xfc ./Core/Src/ssd1306.o
                0x08001280                SSD1306_Putc
 .text.SSD1306_Puts
                0x0800137c       0x4a ./Core/Src/ssd1306.o
                0x0800137c                SSD1306_Puts
 *fill*         0x080013c6        0x2 
 .text.ssd1306_I2C_Init
                0x080013c8       0x2c ./Core/Src/ssd1306.o
                0x080013c8                ssd1306_I2C_Init
 .text.ssd1306_I2C_WriteMulti
                0x080013f4       0xcc ./Core/Src/ssd1306.o
                0x080013f4                ssd1306_I2C_WriteMulti
 .text.ssd1306_I2C_Write
                0x080014c0       0x3c ./Core/Src/ssd1306.o
                0x080014c0                ssd1306_I2C_Write
 .text.HAL_MspInit
                0x080014fc       0x58 ./Core/Src/stm32f4xx_hal_msp.o
                0x080014fc                HAL_MspInit
 .text.HAL_I2C_MspInit
                0x08001554       0x90 ./Core/Src/stm32f4xx_hal_msp.o
                0x08001554                HAL_I2C_MspInit
 .text.HAL_UART_MspInit
                0x080015e4       0x90 ./Core/Src/stm32f4xx_hal_msp.o
                0x080015e4                HAL_UART_MspInit
 .text.HAL_InitTick
                0x08001674       0xf8 ./Core/Src/stm32f4xx_hal_timebase_tim.o
                0x08001674                HAL_InitTick
 .text.NMI_Handler
                0x0800176c        0x8 ./Core/Src/stm32f4xx_it.o
                0x0800176c                NMI_Handler
 .text.HardFault_Handler
                0x08001774        0x8 ./Core/Src/stm32f4xx_it.o
                0x08001774                HardFault_Handler
 .text.MemManage_Handler
                0x0800177c        0x8 ./Core/Src/stm32f4xx_it.o
                0x0800177c                MemManage_Handler
 .text.BusFault_Handler
                0x08001784        0x8 ./Core/Src/stm32f4xx_it.o
                0x08001784                BusFault_Handler
 .text.UsageFault_Handler
                0x0800178c        0x8 ./Core/Src/stm32f4xx_it.o
                0x0800178c                UsageFault_Handler
 .text.DebugMon_Handler
                0x08001794        0xe ./Core/Src/stm32f4xx_it.o
                0x08001794                DebugMon_Handler
 *fill*         0x080017a2        0x2 
 .text.TIM6_DAC_IRQHandler
                0x080017a4       0x14 ./Core/Src/stm32f4xx_it.o
                0x080017a4                TIM6_DAC_IRQHandler
 .text._sbrk    0x080017b8       0x6c ./Core/Src/sysmem.o
                0x080017b8                _sbrk
 .text.SystemInit
                0x08001824       0x24 ./Core/Src/system_stm32f4xx.o
                0x08001824                SystemInit
 .text.Reset_Handler
                0x08001848       0x50 ./Core/Startup/startup_stm32f446retx.o
                0x08001848                Reset_Handler
 .text.Default_Handler
                0x08001898        0x2 ./Core/Startup/startup_stm32f446retx.o
                0x08001898                RTC_Alarm_IRQHandler
                0x08001898                EXTI2_IRQHandler
                0x08001898                TIM8_CC_IRQHandler
                0x08001898                FMPI2C1_EV_IRQHandler
                0x08001898                SPI4_IRQHandler
                0x08001898                TIM1_CC_IRQHandler
                0x08001898                DMA2_Stream5_IRQHandler
                0x08001898                DMA1_Stream5_IRQHandler
                0x08001898                PVD_IRQHandler
                0x08001898                SDIO_IRQHandler
                0x08001898                TAMP_STAMP_IRQHandler
                0x08001898                CAN2_RX1_IRQHandler
                0x08001898                EXTI3_IRQHandler
                0x08001898                TIM8_TRG_COM_TIM14_IRQHandler
                0x08001898                TIM1_UP_TIM10_IRQHandler
                0x08001898                TIM8_UP_TIM13_IRQHandler
                0x08001898                I2C3_ER_IRQHandler
                0x08001898                EXTI0_IRQHandler
                0x08001898                I2C2_EV_IRQHandler
                0x08001898                DMA1_Stream2_IRQHandler
                0x08001898                CAN1_RX0_IRQHandler
                0x08001898                FPU_IRQHandler
                0x08001898                OTG_HS_WKUP_IRQHandler
                0x08001898                CAN2_SCE_IRQHandler
                0x08001898                DMA2_Stream2_IRQHandler
                0x08001898                SPI1_IRQHandler
                0x08001898                TIM1_BRK_TIM9_IRQHandler
                0x08001898                DCMI_IRQHandler
                0x08001898                CAN2_RX0_IRQHandler
                0x08001898                DMA2_Stream3_IRQHandler
                0x08001898                SAI2_IRQHandler
                0x08001898                USART6_IRQHandler
                0x08001898                USART3_IRQHandler
                0x08001898                CAN1_RX1_IRQHandler
                0x08001898                UART5_IRQHandler
                0x08001898                DMA2_Stream0_IRQHandler
                0x08001898                TIM4_IRQHandler
                0x08001898                QUADSPI_IRQHandler
                0x08001898                I2C1_EV_IRQHandler
                0x08001898                DMA1_Stream6_IRQHandler
                0x08001898                DMA1_Stream1_IRQHandler
                0x08001898                UART4_IRQHandler
                0x08001898                TIM3_IRQHandler
                0x08001898                RCC_IRQHandler
                0x08001898                TIM8_BRK_TIM12_IRQHandler
                0x08001898                Default_Handler
                0x08001898                CEC_IRQHandler
                0x08001898                EXTI15_10_IRQHandler
                0x08001898                ADC_IRQHandler
                0x08001898                DMA1_Stream7_IRQHandler
                0x08001898                TIM7_IRQHandler
                0x08001898                CAN2_TX_IRQHandler
                0x08001898                TIM5_IRQHandler
                0x08001898                DMA2_Stream7_IRQHandler
                0x08001898                I2C3_EV_IRQHandler
                0x08001898                EXTI9_5_IRQHandler
                0x08001898                RTC_WKUP_IRQHandler
                0x08001898                SPDIF_RX_IRQHandler
                0x08001898                SPI2_IRQHandler
                0x08001898                OTG_HS_EP1_IN_IRQHandler
                0x08001898                DMA1_Stream0_IRQHandler
                0x08001898                CAN1_TX_IRQHandler
                0x08001898                FMPI2C1_ER_IRQHandler
                0x08001898                EXTI4_IRQHandler
                0x08001898                OTG_HS_EP1_OUT_IRQHandler
                0x08001898                WWDG_IRQHandler
                0x08001898                TIM2_IRQHandler
                0x08001898                OTG_FS_WKUP_IRQHandler
                0x08001898                TIM1_TRG_COM_TIM11_IRQHandler
                0x08001898                OTG_HS_IRQHandler
                0x08001898                EXTI1_IRQHandler
                0x08001898                USART2_IRQHandler
                0x08001898                I2C2_ER_IRQHandler
                0x08001898                DMA2_Stream1_IRQHandler
                0x08001898                CAN1_SCE_IRQHandler
                0x08001898                FLASH_IRQHandler
                0x08001898                DMA2_Stream4_IRQHandler
                0x08001898                USART1_IRQHandler
                0x08001898                OTG_FS_IRQHandler
                0x08001898                SPI3_IRQHandler
                0x08001898                DMA1_Stream4_IRQHandler
                0x08001898                I2C1_ER_IRQHandler
                0x08001898                FMC_IRQHandler
                0x08001898                DMA2_Stream6_IRQHandler
                0x08001898                SAI1_IRQHandler
                0x08001898                DMA1_Stream3_IRQHandler
 *fill*         0x0800189a        0x2 
 .text.HAL_Init
                0x0800189c       0x44 ./Drivers/STM32F4xx_HAL_Driver/Src/stm32f4xx_hal.o
                0x0800189c                HAL_Init
 .text.HAL_IncTick
                0x080018e0       0x28 ./Drivers/STM32F4xx_HAL_Driver/Src/stm32f4xx_hal.o
                0x080018e0                HAL_IncTick
 .text.HAL_GetTick
                0x08001908       0x18 ./Drivers/STM32F4xx_HAL_Driver/Src/stm32f4xx_hal.o
                0x08001908                HAL_GetTick
 .text.HAL_Delay
                0x08001920       0x48 ./Drivers/STM32F4xx_HAL_Driver/Src/stm32f4xx_hal.o
                0x08001920                HAL_Delay
 .text.__NVIC_SetPriorityGrouping
                0x08001968       0x48 ./Drivers/STM32F4xx_HAL_Driver/Src/stm32f4xx_hal_cortex.o
 .text.__NVIC_GetPriorityGrouping
                0x080019b0       0x1c ./Drivers/STM32F4xx_HAL_Driver/Src/stm32f4xx_hal_cortex.o
 .text.__NVIC_EnableIRQ
                0x080019cc       0x3c ./Drivers/STM32F4xx_HAL_Driver/Src/stm32f4xx_hal_cortex.o
 .text.__NVIC_SetPriority
                0x08001a08       0x54 ./Drivers/STM32F4xx_HAL_Driver/Src/stm32f4xx_hal_cortex.o
 .text.NVIC_EncodePriority
                0x08001a5c       0x66 ./Drivers/STM32F4xx_HAL_Driver/Src/stm32f4xx_hal_cortex.o
 .text.HAL_NVIC_SetPriorityGrouping
                0x08001ac2       0x16 ./Drivers/STM32F4xx_HAL_Driver/Src/stm32f4xx_hal_cortex.o
                0x08001ac2                HAL_NVIC_SetPriorityGrouping
 .text.HAL_NVIC_SetPriority
                0x08001ad8       0x38 ./Drivers/STM32F4xx_HAL_Driver/Src/stm32f4xx_hal_cortex.o
                0x08001ad8                HAL_NVIC_SetPriority
 .text.HAL_NVIC_EnableIRQ
                0x08001b10       0x1c ./Drivers/STM32F4xx_HAL_Driver/Src/stm32f4xx_hal_cortex.o
                0x08001b10                HAL_NVIC_EnableIRQ
 .text.HAL_GPIO_Init
                0x08001b2c      0x328 ./Drivers/STM32F4xx_HAL_Driver/Src/stm32f4xx_hal_gpio.o
                0x08001b2c                HAL_GPIO_Init
 .text.HAL_GPIO_ReadPin
                0x08001e54       0x30 ./Drivers/STM32F4xx_HAL_Driver/Src/stm32f4xx_hal_gpio.o
                0x08001e54                HAL_GPIO_ReadPin
 .text.HAL_GPIO_WritePin
                0x08001e84       0x32 ./Drivers/STM32F4xx_HAL_Driver/Src/stm32f4xx_hal_gpio.o
                0x08001e84                HAL_GPIO_WritePin
 .text.HAL_GPIO_TogglePin
                0x08001eb6       0x34 ./Drivers/STM32F4xx_HAL_Driver/Src/stm32f4xx_hal_gpio.o
                0x08001eb6                HAL_GPIO_TogglePin
 *fill*         0x08001eea        0x2 
 .text.HAL_I2C_Init
                0x08001eec      0x288 ./Drivers/STM32F4xx_HAL_Driver/Src/stm32f4xx_hal_i2c.o
                0x08001eec                HAL_I2C_Init
 .text.HAL_I2C_Master_Transmit
                0x08002174      0x1fc ./Drivers/STM32F4xx_HAL_Driver/Src/stm32f4xx_hal_i2c.o
                0x08002174                HAL_I2C_Master_Transmit
 .text.HAL_I2C_IsDeviceReady
                0x08002370      0x25c ./Drivers/STM32F4xx_HAL_Driver/Src/stm32f4xx_hal_i2c.o
                0x08002370                HAL_I2C_IsDeviceReady
 .text.I2C_MasterRequestWrite
                0x080025cc      0x104 ./Drivers/STM32F4xx_HAL_Driver/Src/stm32f4xx_hal_i2c.o
 .text.I2C_WaitOnFlagUntilTimeout
                0x080026d0       0xf4 ./Drivers/STM32F4xx_HAL_Driver/Src/stm32f4xx_hal_i2c.o
 .text.I2C_WaitOnMasterAddressFlagUntilTimeout
                0x080027c4      0x140 ./Drivers/STM32F4xx_HAL_Driver/Src/stm32f4xx_hal_i2c.o
 .text.I2C_WaitOnTXEFlagUntilTimeout
                0x08002904       0x90 ./Drivers/STM32F4xx_HAL_Driver/Src/stm32f4xx_hal_i2c.o
 .text.I2C_WaitOnBTFFlagUntilTimeout
                0x08002994       0x90 ./Drivers/STM32F4xx_HAL_Driver/Src/stm32f4xx_hal_i2c.o
 .text.I2C_IsAcknowledgeFailed
                0x08002a24       0x5e ./Drivers/STM32F4xx_HAL_Driver/Src/stm32f4xx_hal_i2c.o
 *fill*         0x08002a82        0x2 
 .text.HAL_RCC_ClockConfig
                0x08002a84      0x1cc ./Drivers/STM32F4xx_HAL_Driver/Src/stm32f4xx_hal_rcc.o
                0x08002a84                HAL_RCC_ClockConfig
 .text.HAL_RCC_GetHCLKFreq
                0x08002c50       0x18 ./Drivers/STM32F4xx_HAL_Driver/Src/stm32f4xx_hal_rcc.o
                0x08002c50                HAL_RCC_GetHCLKFreq
 .text.HAL_RCC_GetPCLK1Freq
                0x08002c68       0x28 ./Drivers/STM32F4xx_HAL_Driver/Src/stm32f4xx_hal_rcc.o
                0x08002c68                HAL_RCC_GetPCLK1Freq
 .text.HAL_RCC_GetPCLK2Freq
                0x08002c90       0x28 ./Drivers/STM32F4xx_HAL_Driver/Src/stm32f4xx_hal_rcc.o
                0x08002c90                HAL_RCC_GetPCLK2Freq
 .text.HAL_RCC_GetClockConfig
                0x08002cb8       0x64 ./Drivers/STM32F4xx_HAL_Driver/Src/stm32f4xx_hal_rcc.o
                0x08002cb8                HAL_RCC_GetClockConfig
 .text.HAL_RCC_GetSysClockFreq
                0x08002d1c      0x460 ./Drivers/STM32F4xx_HAL_Driver/Src/stm32f4xx_hal_rcc_ex.o
                0x08002d1c                HAL_RCC_GetSysClockFreq
 .text.HAL_RCC_OscConfig
                0x0800317c      0x53c ./Drivers/STM32F4xx_HAL_Driver/Src/stm32f4xx_hal_rcc_ex.o
                0x0800317c                HAL_RCC_OscConfig
 .text.HAL_TIM_Base_Init
                0x080036b8       0x9e ./Drivers/STM32F4xx_HAL_Driver/Src/stm32f4xx_hal_tim.o
                0x080036b8                HAL_TIM_Base_Init
 .text.HAL_TIM_Base_MspInit
                0x08003756       0x14 ./Drivers/STM32F4xx_HAL_Driver/Src/stm32f4xx_hal_tim.o
                0x08003756                HAL_TIM_Base_MspInit
 *fill*         0x0800376a        0x2 
 .text.HAL_TIM_Base_Start_IT
                0x0800376c       0xe0 ./Drivers/STM32F4xx_HAL_Driver/Src/stm32f4xx_hal_tim.o
                0x0800376c                HAL_TIM_Base_Start_IT
 .text.HAL_TIM_IRQHandler
                0x0800384c      0x1e0 ./Drivers/STM32F4xx_HAL_Driver/Src/stm32f4xx_hal_tim.o
                0x0800384c                HAL_TIM_IRQHandler
 .text.HAL_TIM_OC_DelayElapsedCallback
                0x08003a2c       0x14 ./Drivers/STM32F4xx_HAL_Driver/Src/stm32f4xx_hal_tim.o
                0x08003a2c                HAL_TIM_OC_DelayElapsedCallback
 .text.HAL_TIM_IC_CaptureCallback
                0x08003a40       0x14 ./Drivers/STM32F4xx_HAL_Driver/Src/stm32f4xx_hal_tim.o
                0x08003a40                HAL_TIM_IC_CaptureCallback
 .text.HAL_TIM_PWM_PulseFinishedCallback
                0x08003a54       0x14 ./Drivers/STM32F4xx_HAL_Driver/Src/stm32f4xx_hal_tim.o
                0x08003a54                HAL_TIM_PWM_PulseFinishedCallback
 .text.HAL_TIM_TriggerCallback
                0x08003a68       0x14 ./Drivers/STM32F4xx_HAL_Driver/Src/stm32f4xx_hal_tim.o
                0x08003a68                HAL_TIM_TriggerCallback
 .text.TIM_Base_SetConfig
                0x08003a7c      0x158 ./Drivers/STM32F4xx_HAL_Driver/Src/stm32f4xx_hal_tim.o
                0x08003a7c                TIM_Base_SetConfig
 .text.HAL_TIMEx_CommutCallback
                0x08003bd4       0x14 ./Drivers/STM32F4xx_HAL_Driver/Src/stm32f4xx_hal_tim_ex.o
                0x08003bd4                HAL_TIMEx_CommutCallback
 .text.HAL_TIMEx_BreakCallback
                0x08003be8       0x14 ./Drivers/STM32F4xx_HAL_Driver/Src/stm32f4xx_hal_tim_ex.o
                0x08003be8                HAL_TIMEx_BreakCallback
 .text.HAL_UART_Init
                0x08003bfc       0xa0 ./Drivers/STM32F4xx_HAL_Driver/Src/stm32f4xx_hal_uart.o
                0x08003bfc                HAL_UART_Init
 .text.HAL_UART_Transmit
                0x08003c9c      0x116 ./Drivers/STM32F4xx_HAL_Driver/Src/stm32f4xx_hal_uart.o
                0x08003c9c                HAL_UART_Transmit
 .text.UART_WaitOnFlagUntilTimeout
                0x08003db2       0xb2 ./Drivers/STM32F4xx_HAL_Driver/Src/stm32f4xx_hal_uart.o
 .text.UART_EndRxTransfer
                0x08003e64       0xc6 ./Drivers/STM32F4xx_HAL_Driver/Src/stm32f4xx_hal_uart.o
 *fill*         0x08003f2a        0x2 
 .text.UART_SetConfig
                0x08003f2c      0x4e8 ./Drivers/STM32F4xx_HAL_Driver/Src/stm32f4xx_hal_uart.o
 .text.__NVIC_SetPriority
                0x08004414       0x54 ./Middlewares/Third_Party/FreeRTOS/Source/CMSIS_RTOS_V2/cmsis_os2.o
 .text.SysTick_Handler
                0x08004468       0x20 ./Middlewares/Third_Party/FreeRTOS/Source/CMSIS_RTOS_V2/cmsis_os2.o
                0x08004468                SysTick_Handler
 .text.SVC_Setup
                0x08004488       0x12 ./Middlewares/Third_Party/FreeRTOS/Source/CMSIS_RTOS_V2/cmsis_os2.o
 *fill*         0x0800449a        0x2 
 .text.osKernelInitialize
                0x0800449c       0x48 ./Middlewares/Third_Party/FreeRTOS/Source/CMSIS_RTOS_V2/cmsis_os2.o
                0x0800449c                osKernelInitialize
 .text.osKernelStart
                0x080044e4       0x4c ./Middlewares/Third_Party/FreeRTOS/Source/CMSIS_RTOS_V2/cmsis_os2.o
                0x080044e4                osKernelStart
 .text.osThreadNew
                0x08004530      0x124 ./Middlewares/Third_Party/FreeRTOS/Source/CMSIS_RTOS_V2/cmsis_os2.o
                0x08004530                osThreadNew
 .text.osDelay  0x08004654       0x36 ./Middlewares/Third_Party/FreeRTOS/Source/CMSIS_RTOS_V2/cmsis_os2.o
                0x08004654                osDelay
 *fill*         0x0800468a        0x2 
 .text.vApplicationGetIdleTaskMemory
                0x0800468c       0x34 ./Middlewares/Third_Party/FreeRTOS/Source/CMSIS_RTOS_V2/cmsis_os2.o
                0x0800468c                vApplicationGetIdleTaskMemory
 .text.vApplicationGetTimerTaskMemory
                0x080046c0       0x34 ./Middlewares/Third_Party/FreeRTOS/Source/CMSIS_RTOS_V2/cmsis_os2.o
                0x080046c0                vApplicationGetTimerTaskMemory
 .text.vListInitialise
                0x080046f4       0x40 ./Middlewares/Third_Party/FreeRTOS/Source/list.o
                0x080046f4                vListInitialise
 .text.vListInitialiseItem
                0x08004734       0x1a ./Middlewares/Third_Party/FreeRTOS/Source/list.o
                0x08004734                vListInitialiseItem
 .text.vListInsertEnd
                0x0800474e       0x48 ./Middlewares/Third_Party/FreeRTOS/Source/list.o
                0x0800474e                vListInsertEnd
 .text.vListInsert
                0x08004796       0x72 ./Middlewares/Third_Party/FreeRTOS/Source/list.o
                0x08004796                vListInsert
 .text.uxListRemove
                0x08004808       0x54 ./Middlewares/Third_Party/FreeRTOS/Source/list.o
                0x08004808                uxListRemove
 .text.xQueueGenericReset
                0x0800485c       0xd4 ./Middlewares/Third_Party/FreeRTOS/Source/queue.o
                0x0800485c                xQueueGenericReset
 .text.xQueueGenericCreateStatic
                0x08004930       0xfa ./Middlewares/Third_Party/FreeRTOS/Source/queue.o
                0x08004930                xQueueGenericCreateStatic
 .text.prvInitialiseNewQueue
                0x08004a2a       0x46 ./Middlewares/Third_Party/FreeRTOS/Source/queue.o
 .text.xQueueGenericSend
                0x08004a70      0x204 ./Middlewares/Third_Party/FreeRTOS/Source/queue.o
                0x08004a70                xQueueGenericSend
 .text.xQueueGenericSendFromISR
                0x08004c74      0x13c ./Middlewares/Third_Party/FreeRTOS/Source/queue.o
                0x08004c74                xQueueGenericSendFromISR
 .text.xQueueReceive
                0x08004db0      0x1c4 ./Middlewares/Third_Party/FreeRTOS/Source/queue.o
                0x08004db0                xQueueReceive
 .text.prvCopyDataToQueue
                0x08004f74       0xd4 ./Middlewares/Third_Party/FreeRTOS/Source/queue.o
 .text.prvCopyDataFromQueue
                0x08005048       0x4c ./Middlewares/Third_Party/FreeRTOS/Source/queue.o
 .text.prvUnlockQueue
                0x08005094       0xa4 ./Middlewares/Third_Party/FreeRTOS/Source/queue.o
 .text.prvIsQueueEmpty
                0x08005138       0x2c ./Middlewares/Third_Party/FreeRTOS/Source/queue.o
 .text.prvIsQueueFull
                0x08005164       0x30 ./Middlewares/Third_Party/FreeRTOS/Source/queue.o
 .text.vQueueAddToRegistry
                0x08005194       0x54 ./Middlewares/Third_Party/FreeRTOS/Source/queue.o
                0x08005194                vQueueAddToRegistry
 .text.vQueueWaitForMessageRestricted
                0x080051e8       0x68 ./Middlewares/Third_Party/FreeRTOS/Source/queue.o
                0x080051e8                vQueueWaitForMessageRestricted
 .text.xTaskCreateStatic
                0x08005250       0xc0 ./Middlewares/Third_Party/FreeRTOS/Source/tasks.o
                0x08005250                xTaskCreateStatic
 .text.xTaskCreate
                0x08005310       0x8a ./Middlewares/Third_Party/FreeRTOS/Source/tasks.o
                0x08005310                xTaskCreate
 *fill*         0x0800539a        0x2 
 .text.prvInitialiseNewTask
                0x0800539c      0x150 ./Middlewares/Third_Party/FreeRTOS/Source/tasks.o
 .text.prvAddNewTaskToReadyList
                0x080054ec       0xe0 ./Middlewares/Third_Party/FreeRTOS/Source/tasks.o
 .text.vTaskDelay
                0x080055cc       0x6c ./Middlewares/Third_Party/FreeRTOS/Source/tasks.o
                0x080055cc                vTaskDelay
 .text.vTaskStartScheduler
                0x08005638       0xe0 ./Middlewares/Third_Party/FreeRTOS/Source/tasks.o
                0x08005638                vTaskStartScheduler
 .text.vTaskSuspendAll
                0x08005718       0x1c ./Middlewares/Third_Party/FreeRTOS/Source/tasks.o
                0x08005718                vTaskSuspendAll
 .text.xTaskResumeAll
                0x08005734      0x13c ./Middlewares/Third_Party/FreeRTOS/Source/tasks.o
                0x08005734                xTaskResumeAll
 .text.xTaskGetTickCount
                0x08005870       0x20 ./Middlewares/Third_Party/FreeRTOS/Source/tasks.o
                0x08005870                xTaskGetTickCount
 .text.xTaskIncrementTick
                0x08005890      0x174 ./Middlewares/Third_Party/FreeRTOS/Source/tasks.o
                0x08005890                xTaskIncrementTick
 .text.vTaskSwitchContext
                0x08005a04       0xcc ./Middlewares/Third_Party/FreeRTOS/Source/tasks.o
                0x08005a04                vTaskSwitchContext
 .text.vTaskPlaceOnEventList
                0x08005ad0       0x4c ./Middlewares/Third_Party/FreeRTOS/Source/tasks.o
                0x08005ad0                vTaskPlaceOnEventList
 .text.vTaskPlaceOnEventListRestricted
                0x08005b1c       0x58 ./Middlewares/Third_Party/FreeRTOS/Source/tasks.o
                0x08005b1c                vTaskPlaceOnEventListRestricted
 .text.xTaskRemoveFromEventList
                0x08005b74       0xc8 ./Middlewares/Third_Party/FreeRTOS/Source/tasks.o
                0x08005b74                xTaskRemoveFromEventList
 .text.vTaskInternalSetTimeOutState
                0x08005c3c       0x2c ./Middlewares/Third_Party/FreeRTOS/Source/tasks.o
                0x08005c3c                vTaskInternalSetTimeOutState
 .text.xTaskCheckForTimeOut
                0x08005c68       0xc8 ./Middlewares/Third_Party/FreeRTOS/Source/tasks.o
                0x08005c68                xTaskCheckForTimeOut
 .text.vTaskMissedYield
                0x08005d30       0x18 ./Middlewares/Third_Party/FreeRTOS/Source/tasks.o
                0x08005d30                vTaskMissedYield
 .text.prvIdleTask
                0x08005d48       0x30 ./Middlewares/Third_Party/FreeRTOS/Source/tasks.o
 .text.prvInitialiseTaskLists
                0x08005d78       0x80 ./Middlewares/Third_Party/FreeRTOS/Source/tasks.o
 .text.prvCheckTasksWaitingTermination
                0x08005df8       0x5c ./Middlewares/Third_Party/FreeRTOS/Source/tasks.o
 .text.prvDeleteTCB
                0x08005e54       0x6a ./Middlewares/Third_Party/FreeRTOS/Source/tasks.o
 *fill*         0x08005ebe        0x2 
 .text.prvResetNextTaskUnblockTime
                0x08005ec0       0x40 ./Middlewares/Third_Party/FreeRTOS/Source/tasks.o
 .text.xTaskGetSchedulerState
                0x08005f00       0x3c ./Middlewares/Third_Party/FreeRTOS/Source/tasks.o
                0x08005f00                xTaskGetSchedulerState
 .text.xTaskPriorityDisinherit
                0x08005f3c       0xe0 ./Middlewares/Third_Party/FreeRTOS/Source/tasks.o
                0x08005f3c                xTaskPriorityDisinherit
 .text.prvAddCurrentTaskToDelayedList
                0x0800601c       0xa8 ./Middlewares/Third_Party/FreeRTOS/Source/tasks.o
 .text.xTimerCreateTimerTask
                0x080060c4       0x94 ./Middlewares/Third_Party/FreeRTOS/Source/timers.o
                0x080060c4                xTimerCreateTimerTask
 .text.xTimerGenericCommand
                0x08006158       0x9c ./Middlewares/Third_Party/FreeRTOS/Source/timers.o
                0x08006158                xTimerGenericCommand
 .text.prvProcessExpiredTimer
                0x080061f4       0x9c ./Middlewares/Third_Party/FreeRTOS/Source/timers.o
 .text.prvTimerTask
                0x08006290       0x26 ./Middlewares/Third_Party/FreeRTOS/Source/timers.o
 *fill*         0x080062b6        0x2 
 .text.prvProcessTimerOrBlockTask
                0x080062b8       0x9c ./Middlewares/Third_Party/FreeRTOS/Source/timers.o
 .text.prvGetNextExpireTime
                0x08006354       0x48 ./Middlewares/Third_Party/FreeRTOS/Source/timers.o
 .text.prvSampleTimeNow
                0x0800639c       0x40 ./Middlewares/Third_Party/FreeRTOS/Source/timers.o
 .text.prvInsertTimerInActiveList
                0x080063dc       0x84 ./Middlewares/Third_Party/FreeRTOS/Source/timers.o
 .text.prvProcessReceivedCommands
                0x08006460      0x1cc ./Middlewares/Third_Party/FreeRTOS/Source/timers.o
 .text.prvSwitchTimerLists
                0x0800662c       0xcc ./Middlewares/Third_Party/FreeRTOS/Source/timers.o
 .text.prvCheckForValidListAndQueue
                0x080066f8       0x80 ./Middlewares/Third_Party/FreeRTOS/Source/timers.o
 .text.pxPortInitialiseStack
                0x08006778       0x68 ./Middlewares/Third_Party/FreeRTOS/Source/portable/GCC/ARM_CM4F/port.o
                0x08006778                pxPortInitialiseStack
 .text.prvTaskExitError
                0x080067e0       0x5c ./Middlewares/Third_Party/FreeRTOS/Source/portable/GCC/ARM_CM4F/port.o
 *fill*         0x0800683c        0x4 
 .text.SVC_Handler
                0x08006840       0x28 ./Middlewares/Third_Party/FreeRTOS/Source/portable/GCC/ARM_CM4F/port.o
                0x08006840                SVC_Handler
 .text.prvPortStartFirstTask
                0x08006868       0x28 ./Middlewares/Third_Party/FreeRTOS/Source/portable/GCC/ARM_CM4F/port.o
 .text.xPortStartScheduler
                0x08006890      0x148 ./Middlewares/Third_Party/FreeRTOS/Source/portable/GCC/ARM_CM4F/port.o
                0x08006890                xPortStartScheduler
 .text.vPortEnterCritical
                0x080069d8       0x64 ./Middlewares/Third_Party/FreeRTOS/Source/portable/GCC/ARM_CM4F/port.o
                0x080069d8                vPortEnterCritical
 .text.vPortExitCritical
                0x08006a3c       0x54 ./Middlewares/Third_Party/FreeRTOS/Source/portable/GCC/ARM_CM4F/port.o
                0x08006a3c                vPortExitCritical
 .text.PendSV_Handler
                0x08006a90       0x68 ./Middlewares/Third_Party/FreeRTOS/Source/portable/GCC/ARM_CM4F/port.o
                0x08006a90                PendSV_Handler
 .text.xPortSysTickHandler
                0x08006af8       0x44 ./Middlewares/Third_Party/FreeRTOS/Source/portable/GCC/ARM_CM4F/port.o
                0x08006af8                xPortSysTickHandler
 .text.vPortSetupTimerInterrupt
                0x08006b3c       0x48 ./Middlewares/Third_Party/FreeRTOS/Source/portable/GCC/ARM_CM4F/port.o
                0x08006b3c                vPortSetupTimerInterrupt
 .text.vPortEnableVFP
                0x08006b84       0x14 ./Middlewares/Third_Party/FreeRTOS/Source/portable/GCC/ARM_CM4F/port.o
 .text.vPortValidateInterruptPriority
                0x08006b98       0x84 ./Middlewares/Third_Party/FreeRTOS/Source/portable/GCC/ARM_CM4F/port.o
                0x08006b98                vPortValidateInterruptPriority
 .text.pvPortMalloc
                0x08006c1c      0x19c ./Middlewares/Third_Party/FreeRTOS/Source/portable/MemMang/heap_4.o
                0x08006c1c                pvPortMalloc
 .text.vPortFree
                0x08006db8       0xc8 ./Middlewares/Third_Party/FreeRTOS/Source/portable/MemMang/heap_4.o
                0x08006db8                vPortFree
 .text.prvHeapInit
                0x08006e80       0xc4 ./Middlewares/Third_Party/FreeRTOS/Source/portable/MemMang/heap_4.o
 .text.prvInsertBlockIntoFreeList
                0x08006f44       0xb4 ./Middlewares/Third_Party/FreeRTOS/Source/portable/MemMang/heap_4.o
 .text.snprintf
                0x08006ff8       0x68 C:/ST/STM32CubeIDE_1.17.0/STM32CubeIDE/plugins/com.st.stm32cube.ide.mcu.externaltools.gnu-tools-for-stm32.12.3.rel1.win32_1.1.0.202410251130/tools/bin/../lib/gcc/arm-none-eabi/12.3.1/../../../../arm-none-eabi/lib/thumb/v7e-m+fp/hard\libc_nano.a(libc_a-snprintf.o)
                0x08006ff8                sniprintf
                0x08006ff8                snprintf
 .text.sprintf  0x08007060       0x40 C:/ST/STM32CubeIDE_1.17.0/STM32CubeIDE/plugins/com.st.stm32cube.ide.mcu.externaltools.gnu-tools-for-stm32.12.3.rel1.win32_1.1.0.202410251130/tools/bin/../lib/gcc/arm-none-eabi/12.3.1/../../../../arm-none-eabi/lib/thumb/v7e-m+fp/hard\libc_nano.a(libc_a-sprintf.o)
                0x08007060                siprintf
                0x08007060                sprintf
 .text.memset   0x080070a0       0x10 C:/ST/STM32CubeIDE_1.17.0/STM32CubeIDE/plugins/com.st.stm32cube.ide.mcu.externaltools.gnu-tools-for-stm32.12.3.rel1.win32_1.1.0.202410251130/tools/bin/../lib/gcc/arm-none-eabi/12.3.1/../../../../arm-none-eabi/lib/thumb/v7e-m+fp/hard\libc_nano.a(libc_a-memset.o)
                0x080070a0                memset
 .text._reclaim_reent
                0x080070b0       0xac C:/ST/STM32CubeIDE_1.17.0/STM32CubeIDE/plugins/com.st.stm32cube.ide.mcu.externaltools.gnu-tools-for-stm32.12.3.rel1.win32_1.1.0.202410251130/tools/bin/../lib/gcc/arm-none-eabi/12.3.1/../../../../arm-none-eabi/lib/thumb/v7e-m+fp/hard\libc_nano.a(libc_a-reent.o)
                0x080070b0                _reclaim_reent
 .text.__errno  0x0800715c        0xc C:/ST/STM32CubeIDE_1.17.0/STM32CubeIDE/plugins/com.st.stm32cube.ide.mcu.externaltools.gnu-tools-for-stm32.12.3.rel1.win32_1.1.0.202410251130/tools/bin/../lib/gcc/arm-none-eabi/12.3.1/../../../../arm-none-eabi/lib/thumb/v7e-m+fp/hard\libc_nano.a(libc_a-errno.o)
                0x0800715c                __errno
 .text.__libc_init_array
                0x08007168       0x48 C:/ST/STM32CubeIDE_1.17.0/STM32CubeIDE/plugins/com.st.stm32cube.ide.mcu.externaltools.gnu-tools-for-stm32.12.3.rel1.win32_1.1.0.202410251130/tools/bin/../lib/gcc/arm-none-eabi/12.3.1/../../../../arm-none-eabi/lib/thumb/v7e-m+fp/hard\libc_nano.a(libc_a-init.o)
                0x08007168                __libc_init_array
 .text.__retarget_lock_acquire_recursive
                0x080071b0        0x2 C:/ST/STM32CubeIDE_1.17.0/STM32CubeIDE/plugins/com.st.stm32cube.ide.mcu.externaltools.gnu-tools-for-stm32.12.3.rel1.win32_1.1.0.202410251130/tools/bin/../lib/gcc/arm-none-eabi/12.3.1/../../../../arm-none-eabi/lib/thumb/v7e-m+fp/hard\libc_nano.a(libc_a-lock.o)
                0x080071b0                __retarget_lock_acquire_recursive
 .text.__retarget_lock_release_recursive
                0x080071b2        0x2 C:/ST/STM32CubeIDE_1.17.0/STM32CubeIDE/plugins/com.st.stm32cube.ide.mcu.externaltools.gnu-tools-for-stm32.12.3.rel1.win32_1.1.0.202410251130/tools/bin/../lib/gcc/arm-none-eabi/12.3.1/../../../../arm-none-eabi/lib/thumb/v7e-m+fp/hard\libc_nano.a(libc_a-lock.o)
                0x080071b2                __retarget_lock_release_recursive
 .text.memcpy   0x080071b4       0x1c C:/ST/STM32CubeIDE_1.17.0/STM32CubeIDE/plugins/com.st.stm32cube.ide.mcu.externaltools.gnu-tools-for-stm32.12.3.rel1.win32_1.1.0.202410251130/tools/bin/../lib/gcc/arm-none-eabi/12.3.1/../../../../arm-none-eabi/lib/thumb/v7e-m+fp/hard\libc_nano.a(libc_a-memcpy-stub.o)
                0x080071b4                memcpy
 .text._free_r  0x080071d0       0x94 C:/ST/STM32CubeIDE_1.17.0/STM32CubeIDE/plugins/com.st.stm32cube.ide.mcu.externaltools.gnu-tools-for-stm32.12.3.rel1.win32_1.1.0.202410251130/tools/bin/../lib/gcc/arm-none-eabi/12.3.1/../../../../arm-none-eabi/lib/thumb/v7e-m+fp/hard\libc_nano.a(libc_a-freer.o)
                0x080071d0                _free_r
 .text.sbrk_aligned
                0x08007264       0x44 C:/ST/STM32CubeIDE_1.17.0/STM32CubeIDE/plugins/com.st.stm32cube.ide.mcu.externaltools.gnu-tools-for-stm32.12.3.rel1.win32_1.1.0.202410251130/tools/bin/../lib/gcc/arm-none-eabi/12.3.1/../../../../arm-none-eabi/lib/thumb/v7e-m+fp/hard\libc_nano.a(libc_a-mallocr.o)
 .text._malloc_r
                0x080072a8      0x100 C:/ST/STM32CubeIDE_1.17.0/STM32CubeIDE/plugins/com.st.stm32cube.ide.mcu.externaltools.gnu-tools-for-stm32.12.3.rel1.win32_1.1.0.202410251130/tools/bin/../lib/gcc/arm-none-eabi/12.3.1/../../../../arm-none-eabi/lib/thumb/v7e-m+fp/hard\libc_nano.a(libc_a-mallocr.o)
                0x080072a8                _malloc_r
 .text.__malloc_lock
                0x080073a8        0xc C:/ST/STM32CubeIDE_1.17.0/STM32CubeIDE/plugins/com.st.stm32cube.ide.mcu.externaltools.gnu-tools-for-stm32.12.3.rel1.win32_1.1.0.202410251130/tools/bin/../lib/gcc/arm-none-eabi/12.3.1/../../../../arm-none-eabi/lib/thumb/v7e-m+fp/hard\libc_nano.a(libc_a-mlock.o)
                0x080073a8                __malloc_lock
 .text.__malloc_unlock
                0x080073b4        0xc C:/ST/STM32CubeIDE_1.17.0/STM32CubeIDE/plugins/com.st.stm32cube.ide.mcu.externaltools.gnu-tools-for-stm32.12.3.rel1.win32_1.1.0.202410251130/tools/bin/../lib/gcc/arm-none-eabi/12.3.1/../../../../arm-none-eabi/lib/thumb/v7e-m+fp/hard\libc_nano.a(libc_a-mlock.o)
                0x080073b4                __malloc_unlock
 .text.__ssputs_r
                0x080073c0       0xb6 C:/ST/STM32CubeIDE_1.17.0/STM32CubeIDE/plugins/com.st.stm32cube.ide.mcu.externaltools.gnu-tools-for-stm32.12.3.rel1.win32_1.1.0.202410251130/tools/bin/../lib/gcc/arm-none-eabi/12.3.1/../../../../arm-none-eabi/lib/thumb/v7e-m+fp/hard\libc_nano.a(libc_a-nano-svfprintf.o)
                0x080073c0                __ssputs_r
 *fill*         0x08007476        0x2 
 .text._svfprintf_r
                0x08007478      0x1f8 C:/ST/STM32CubeIDE_1.17.0/STM32CubeIDE/plugins/com.st.stm32cube.ide.mcu.externaltools.gnu-tools-for-stm32.12.3.rel1.win32_1.1.0.202410251130/tools/bin/../lib/gcc/arm-none-eabi/12.3.1/../../../../arm-none-eabi/lib/thumb/v7e-m+fp/hard\libc_nano.a(libc_a-nano-svfprintf.o)
                0x08007478                _svfiprintf_r
                0x08007478                _svfprintf_r
 .text._printf_common
                0x08007670       0xda C:/ST/STM32CubeIDE_1.17.0/STM32CubeIDE/plugins/com.st.stm32cube.ide.mcu.externaltools.gnu-tools-for-stm32.12.3.rel1.win32_1.1.0.202410251130/tools/bin/../lib/gcc/arm-none-eabi/12.3.1/../../../../arm-none-eabi/lib/thumb/v7e-m+fp/hard\libc_nano.a(libc_a-nano-vfprintf_i.o)
                0x08007670                _printf_common
 *fill*         0x0800774a        0x2 
 .text._printf_i
                0x0800774c      0x240 C:/ST/STM32CubeIDE_1.17.0/STM32CubeIDE/plugins/com.st.stm32cube.ide.mcu.externaltools.gnu-tools-for-stm32.12.3.rel1.win32_1.1.0.202410251130/tools/bin/../lib/gcc/arm-none-eabi/12.3.1/../../../../arm-none-eabi/lib/thumb/v7e-m+fp/hard\libc_nano.a(libc_a-nano-vfprintf_i.o)
                0x0800774c                _printf_i
 .text.memmove  0x0800798c       0x34 C:/ST/STM32CubeIDE_1.17.0/STM32CubeIDE/plugins/com.st.stm32cube.ide.mcu.externaltools.gnu-tools-for-stm32.12.3.rel1.win32_1.1.0.202410251130/tools/bin/../lib/gcc/arm-none-eabi/12.3.1/../../../../arm-none-eabi/lib/thumb/v7e-m+fp/hard\libc_nano.a(libc_a-memmove.o)
                0x0800798c                memmove
 .text._sbrk_r  0x080079c0       0x20 C:/ST/STM32CubeIDE_1.17.0/STM32CubeIDE/plugins/com.st.stm32cube.ide.mcu.externaltools.gnu-tools-for-stm32.12.3.rel1.win32_1.1.0.202410251130/tools/bin/../lib/gcc/arm-none-eabi/12.3.1/../../../../arm-none-eabi/lib/thumb/v7e-m+fp/hard\libc_nano.a(libc_a-sbrkr.o)
                0x080079c0                _sbrk_r
 .text._realloc_r
                0x080079e0       0x5c C:/ST/STM32CubeIDE_1.17.0/STM32CubeIDE/plugins/com.st.stm32cube.ide.mcu.externaltools.gnu-tools-for-stm32.12.3.rel1.win32_1.1.0.202410251130/tools/bin/../lib/gcc/arm-none-eabi/12.3.1/../../../../arm-none-eabi/lib/thumb/v7e-m+fp/hard\libc_nano.a(libc_a-reallocr.o)
                0x080079e0                _realloc_r
 .text._malloc_usable_size_r
                0x08007a3c       0x10 C:/ST/STM32CubeIDE_1.17.0/STM32CubeIDE/plugins/com.st.stm32cube.ide.mcu.externaltools.gnu-tools-for-stm32.12.3.rel1.win32_1.1.0.202410251130/tools/bin/../lib/gcc/arm-none-eabi/12.3.1/../../../../arm-none-eabi/lib/thumb/v7e-m+fp/hard\libc_nano.a(libc_a-msizer.o)
                0x08007a3c                _malloc_usable_size_r
 *(.glue_7)
 .glue_7        0x08007a4c        0x0 linker stubs
 *(.glue_7t)
 .glue_7t       0x08007a4c        0x0 linker stubs
 *(.eh_frame)
 .eh_frame      0x08007a4c        0x0 C:/ST/STM32CubeIDE_1.17.0/STM32CubeIDE/plugins/com.st.stm32cube.ide.mcu.externaltools.gnu-tools-for-stm32.12.3.rel1.win32_1.1.0.202410251130/tools/bin/../lib/gcc/arm-none-eabi/12.3.1/thumb/v7e-m+fp/hard/crtbegin.o
 *(.init)
 .init          0x08007a4c        0x4 C:/ST/STM32CubeIDE_1.17.0/STM32CubeIDE/plugins/com.st.stm32cube.ide.mcu.externaltools.gnu-tools-for-stm32.12.3.rel1.win32_1.1.0.202410251130/tools/bin/../lib/gcc/arm-none-eabi/12.3.1/thumb/v7e-m+fp/hard/crti.o
                0x08007a4c                _init
 .init          0x08007a50        0x8 C:/ST/STM32CubeIDE_1.17.0/STM32CubeIDE/plugins/com.st.stm32cube.ide.mcu.externaltools.gnu-tools-for-stm32.12.3.rel1.win32_1.1.0.202410251130/tools/bin/../lib/gcc/arm-none-eabi/12.3.1/thumb/v7e-m+fp/hard/crtn.o
 *(.fini)
 .fini          0x08007a58        0x4 C:/ST/STM32CubeIDE_1.17.0/STM32CubeIDE/plugins/com.st.stm32cube.ide.mcu.externaltools.gnu-tools-for-stm32.12.3.rel1.win32_1.1.0.202410251130/tools/bin/../lib/gcc/arm-none-eabi/12.3.1/thumb/v7e-m+fp/hard/crti.o
                0x08007a58                _fini
 .fini          0x08007a5c        0x8 C:/ST/STM32CubeIDE_1.17.0/STM32CubeIDE/plugins/com.st.stm32cube.ide.mcu.externaltools.gnu-tools-for-stm32.12.3.rel1.win32_1.1.0.202410251130/tools/bin/../lib/gcc/arm-none-eabi/12.3.1/thumb/v7e-m+fp/hard/crtn.o
                0x08007a64                        . = ALIGN (0x4)
                0x08007a64                        _etext = .

.vfp11_veneer   0x08007a64        0x0
 .vfp11_veneer  0x08007a64        0x0 linker stubs

.v4_bx          0x08007a64        0x0
 .v4_bx         0x08007a64        0x0 linker stubs

.iplt           0x08007a64        0x0
 .iplt          0x08007a64        0x0 C:/ST/STM32CubeIDE_1.17.0/STM32CubeIDE/plugins/com.st.stm32cube.ide.mcu.externaltools.gnu-tools-for-stm32.12.3.rel1.win32_1.1.0.202410251130/tools/bin/../lib/gcc/arm-none-eabi/12.3.1/thumb/v7e-m+fp/hard/crtbegin.o

.rodata         0x08007a64     0x219c
                0x08007a64                        . = ALIGN (0x4)
 *(.rodata)
 .rodata        0x08007a64       0x46 ./Core/Src/main.o
 *fill*         0x08007aaa        0x2 
 .rodata        0x08007aac        0x5 ./Middlewares/Third_Party/FreeRTOS/Source/tasks.o
 *fill*         0x08007ab1        0x3 
 .rodata        0x08007ab4        0xd ./Middlewares/Third_Party/FreeRTOS/Source/timers.o
 *(.rodata*)
 *fill*         0x08007ac1        0x3 
 .rodata.Font11x18
                0x08007ac4      0xd5c ./Core/Src/fonts.o
                0x08007ac4                Font11x18
 .rodata.Font16x26
                0x08008820     0x134c ./Core/Src/fonts.o
                0x08008820                Font16x26
 .rodata.keypadTask_attributes
                0x08009b6c       0x24 ./Core/Src/main.o
                0x08009b6c                keypadTask_attributes
 .rodata.oledTask_attributes
                0x08009b90       0x24 ./Core/Src/main.o
                0x08009b90                oledTask_attributes
 .rodata.AHBPrescTable
                0x08009bb4       0x10 ./Core/Src/system_stm32f4xx.o
                0x08009bb4                AHBPrescTable
 .rodata.APBPrescTable
                0x08009bc4        0x8 ./Core/Src/system_stm32f4xx.o
                0x08009bc4                APBPrescTable
 .rodata._svfprintf_r.str1.1
                0x08009bcc       0x11 C:/ST/STM32CubeIDE_1.17.0/STM32CubeIDE/plugins/com.st.stm32cube.ide.mcu.externaltools.gnu-tools-for-stm32.12.3.rel1.win32_1.1.0.202410251130/tools/bin/../lib/gcc/arm-none-eabi/12.3.1/../../../../arm-none-eabi/lib/thumb/v7e-m+fp/hard\libc_nano.a(libc_a-nano-svfprintf.o)
 .rodata._printf_i.str1.1
                0x08009bdd       0x22 C:/ST/STM32CubeIDE_1.17.0/STM32CubeIDE/plugins/com.st.stm32cube.ide.mcu.externaltools.gnu-tools-for-stm32.12.3.rel1.win32_1.1.0.202410251130/tools/bin/../lib/gcc/arm-none-eabi/12.3.1/../../../../arm-none-eabi/lib/thumb/v7e-m+fp/hard\libc_nano.a(libc_a-nano-vfprintf_i.o)
                0x08009c00                        . = ALIGN (0x4)
 *fill*         0x08009bff        0x1 

.ARM.extab      0x08009c00        0x0
                0x08009c00                        . = ALIGN (0x4)
 *(.ARM.extab* .gnu.linkonce.armextab.*)
                0x08009c00                        . = ALIGN (0x4)

.ARM            0x08009c00        0x8
                0x08009c00                        . = ALIGN (0x4)
                0x08009c00                        __exidx_start = .
 *(.ARM.exidx*)
 .ARM.exidx     0x08009c00        0x8 C:/ST/STM32CubeIDE_1.17.0/STM32CubeIDE/plugins/com.st.stm32cube.ide.mcu.externaltools.gnu-tools-for-stm32.12.3.rel1.win32_1.1.0.202410251130/tools/bin/../lib/gcc/arm-none-eabi/12.3.1/../../../../arm-none-eabi/lib/thumb/v7e-m+fp/hard\libc_nano.a(libc_a-strlen.o)
 .ARM.exidx     0x08009c08        0x0 C:/ST/STM32CubeIDE_1.17.0/STM32CubeIDE/plugins/com.st.stm32cube.ide.mcu.externaltools.gnu-tools-for-stm32.12.3.rel1.win32_1.1.0.202410251130/tools/bin/../lib/gcc/arm-none-eabi/12.3.1/../../../../arm-none-eabi/lib/thumb/v7e-m+fp/hard\libc_nano.a(libc_a-memchr.o)
                                  0x8 (size before relaxing)
 .ARM.exidx     0x08009c08        0x0 C:/ST/STM32CubeIDE_1.17.0/STM32CubeIDE/plugins/com.st.stm32cube.ide.mcu.externaltools.gnu-tools-for-stm32.12.3.rel1.win32_1.1.0.202410251130/tools/bin/../lib/gcc/arm-none-eabi/12.3.1/thumb/v7e-m+fp/hard\libgcc.a(_udivmoddi4.o)
                                  0x8 (size before relaxing)
                0x08009c08                        __exidx_end = .
                0x08009c08                        . = ALIGN (0x4)

.rel.dyn        0x08009c08        0x0
 .rel.iplt      0x08009c08        0x0 C:/ST/STM32CubeIDE_1.17.0/STM32CubeIDE/plugins/com.st.stm32cube.ide.mcu.externaltools.gnu-tools-for-stm32.12.3.rel1.win32_1.1.0.202410251130/tools/bin/../lib/gcc/arm-none-eabi/12.3.1/thumb/v7e-m+fp/hard/crtbegin.o

.preinit_array  0x08009c08        0x0
                0x08009c08                        . = ALIGN (0x4)
                0x08009c08                        PROVIDE (__preinit_array_start = .)
 *(.preinit_array*)
                0x08009c08                        PROVIDE (__preinit_array_end = .)
                0x08009c08                        . = ALIGN (0x4)

.init_array     0x08009c08        0x4
                0x08009c08                        . = ALIGN (0x4)
                0x08009c08                        PROVIDE (__init_array_start = .)
 *(SORT_BY_NAME(.init_array.*))
 *(.init_array*)
 .init_array    0x08009c08        0x4 C:/ST/STM32CubeIDE_1.17.0/STM32CubeIDE/plugins/com.st.stm32cube.ide.mcu.externaltools.gnu-tools-for-stm32.12.3.rel1.win32_1.1.0.202410251130/tools/bin/../lib/gcc/arm-none-eabi/12.3.1/thumb/v7e-m+fp/hard/crtbegin.o
                0x08009c0c                        PROVIDE (__init_array_end = .)
                0x08009c0c                        . = ALIGN (0x4)

.fini_array     0x08009c0c        0x4
                0x08009c0c                        . = ALIGN (0x4)
                [!provide]                        PROVIDE (__fini_array_start = .)
 *(SORT_BY_NAME(.fini_array.*))
 *(.fini_array*)
 .fini_array    0x08009c0c        0x4 C:/ST/STM32CubeIDE_1.17.0/STM32CubeIDE/plugins/com.st.stm32cube.ide.mcu.externaltools.gnu-tools-for-stm32.12.3.rel1.win32_1.1.0.202410251130/tools/bin/../lib/gcc/arm-none-eabi/12.3.1/thumb/v7e-m+fp/hard/crtbegin.o
                [!provide]                        PROVIDE (__fini_array_end = .)
                0x08009c10                        . = ALIGN (0x4)
                0x08009c10                        _sidata = LOADADDR (.data)

.data           0x20000000       0x74 load address 0x08009c10
                0x20000000                        . = ALIGN (0x4)
                0x20000000                        _sdata = .
 *(.data)
 *(.data*)
 .data.Font_11x18
                0x20000000        0x8 ./Core/Src/fonts.o
                0x20000000                Font_11x18
 .data.Font_16x26
                0x20000008        0x8 ./Core/Src/fonts.o
                0x20000008                Font_16x26
 .data.configMode
                0x20000010        0x1 ./Core/Src/main.o
                0x20000010                configMode
 *fill*         0x20000011        0x3 
 .data.SystemCoreClock
                0x20000014        0x4 ./Core/Src/system_stm32f4xx.o
                0x20000014                SystemCoreClock
 .data.uwTickPrio
                0x20000018        0x4 ./Drivers/STM32F4xx_HAL_Driver/Src/stm32f4xx_hal.o
                0x20000018                uwTickPrio
 .data.uwTickFreq
                0x2000001c        0x1 ./Drivers/STM32F4xx_HAL_Driver/Src/stm32f4xx_hal.o
                0x2000001c                uwTickFreq
 *fill*         0x2000001d        0x3 
 .data.uxCriticalNesting
                0x20000020        0x4 ./Middlewares/Third_Party/FreeRTOS/Source/portable/GCC/ARM_CM4F/port.o
 .data._impure_ptr
                0x20000024        0x4 C:/ST/STM32CubeIDE_1.17.0/STM32CubeIDE/plugins/com.st.stm32cube.ide.mcu.externaltools.gnu-tools-for-stm32.12.3.rel1.win32_1.1.0.202410251130/tools/bin/../lib/gcc/arm-none-eabi/12.3.1/../../../../arm-none-eabi/lib/thumb/v7e-m+fp/hard\libc_nano.a(libc_a-impure.o)
                0x20000024                _impure_ptr
 .data._impure_data
                0x20000028       0x4c C:/ST/STM32CubeIDE_1.17.0/STM32CubeIDE/plugins/com.st.stm32cube.ide.mcu.externaltools.gnu-tools-for-stm32.12.3.rel1.win32_1.1.0.202410251130/tools/bin/../lib/gcc/arm-none-eabi/12.3.1/../../../../arm-none-eabi/lib/thumb/v7e-m+fp/hard\libc_nano.a(libc_a-impure.o)
                0x20000028                _impure_data
 *(.RamFunc)
 *(.RamFunc*)
                0x20000074                        . = ALIGN (0x4)
                0x20000074                        _edata = .

.igot.plt       0x20000074        0x0 load address 0x08009c84
 .igot.plt      0x20000074        0x0 C:/ST/STM32CubeIDE_1.17.0/STM32CubeIDE/plugins/com.st.stm32cube.ide.mcu.externaltools.gnu-tools-for-stm32.12.3.rel1.win32_1.1.0.202410251130/tools/bin/../lib/gcc/arm-none-eabi/12.3.1/thumb/v7e-m+fp/hard/crtbegin.o
                0x20000074                        . = ALIGN (0x4)

.bss            0x20000074     0x5064 load address 0x08009c84
                0x20000074                        _sbss = .
                0x20000074                        __bss_start__ = _sbss
 *(.bss)
 .bss           0x20000074       0x1c C:/ST/STM32CubeIDE_1.17.0/STM32CubeIDE/plugins/com.st.stm32cube.ide.mcu.externaltools.gnu-tools-for-stm32.12.3.rel1.win32_1.1.0.202410251130/tools/bin/../lib/gcc/arm-none-eabi/12.3.1/thumb/v7e-m+fp/hard/crtbegin.o
 *(.bss*)
 .bss.key       0x20000090        0x1 ./Core/Src/Keypad4X4.o
                0x20000090                key
 *fill*         0x20000091        0x3 
 .bss.hi2c1     0x20000094       0x54 ./Core/Src/main.o
                0x20000094                hi2c1
 .bss.huart2    0x200000e8       0x48 ./Core/Src/main.o
                0x200000e8                huart2
 .bss.keypadTaskHandle
                0x20000130        0x4 ./Core/Src/main.o
                0x20000130                keypadTaskHandle
 .bss.oledTaskHandle
                0x20000134        0x4 ./Core/Src/main.o
                0x20000134                oledTaskHandle
 .bss.hold      0x20000138        0x4 ./Core/Src/main.o
                0x20000138                hold
 .bss.code      0x2000013c        0x8 ./Core/Src/main.o
                0x2000013c                code
 .bss.savedCode
                0x20000144        0x8 ./Core/Src/main.o
                0x20000144                savedCode
 .bss.codeIndex
                0x2000014c        0x1 ./Core/Src/main.o
                0x2000014c                codeIndex
 .bss.armed     0x2000014d        0x1 ./Core/Src/main.o
                0x2000014d                armed
 *fill*         0x2000014e        0x2 
 .bss.SSD1306_Buffer
                0x20000150      0x400 ./Core/Src/ssd1306.o
 .bss.SSD1306   0x20000550        0x6 ./Core/Src/ssd1306.o
 *fill*         0x20000556        0x2 
 .bss.htim6     0x20000558       0x48 ./Core/Src/stm32f4xx_hal_timebase_tim.o
                0x20000558                htim6
 .bss.__sbrk_heap_end
                0x200005a0        0x4 ./Core/Src/sysmem.o
 .bss.uwTick    0x200005a4        0x4 ./Drivers/STM32F4xx_HAL_Driver/Src/stm32f4xx_hal.o
                0x200005a4                uwTick
 .bss.KernelState
                0x200005a8        0x4 ./Middlewares/Third_Party/FreeRTOS/Source/CMSIS_RTOS_V2/cmsis_os2.o
 .bss.Idle_TCB.3
                0x200005ac       0xa8 ./Middlewares/Third_Party/FreeRTOS/Source/CMSIS_RTOS_V2/cmsis_os2.o
 .bss.Idle_Stack.2
                0x20000654      0x200 ./Middlewares/Third_Party/FreeRTOS/Source/CMSIS_RTOS_V2/cmsis_os2.o
 .bss.Timer_TCB.1
                0x20000854       0xa8 ./Middlewares/Third_Party/FreeRTOS/Source/CMSIS_RTOS_V2/cmsis_os2.o
 .bss.Timer_Stack.0
                0x200008fc      0x400 ./Middlewares/Third_Party/FreeRTOS/Source/CMSIS_RTOS_V2/cmsis_os2.o
 .bss.xQueueRegistry
                0x20000cfc       0x40 ./Middlewares/Third_Party/FreeRTOS/Source/queue.o
                0x20000cfc                xQueueRegistry
 .bss.pxCurrentTCB
                0x20000d3c        0x4 ./Middlewares/Third_Party/FreeRTOS/Source/tasks.o
                0x20000d3c                pxCurrentTCB
 .bss.pxReadyTasksLists
                0x20000d40      0x460 ./Middlewares/Third_Party/FreeRTOS/Source/tasks.o
 .bss.xDelayedTaskList1
                0x200011a0       0x14 ./Middlewares/Third_Party/FreeRTOS/Source/tasks.o
 .bss.xDelayedTaskList2
                0x200011b4       0x14 ./Middlewares/Third_Party/FreeRTOS/Source/tasks.o
 .bss.pxDelayedTaskList
                0x200011c8        0x4 ./Middlewares/Third_Party/FreeRTOS/Source/tasks.o
 .bss.pxOverflowDelayedTaskList
                0x200011cc        0x4 ./Middlewares/Third_Party/FreeRTOS/Source/tasks.o
 .bss.xPendingReadyList
                0x200011d0       0x14 ./Middlewares/Third_Party/FreeRTOS/Source/tasks.o
 .bss.xTasksWaitingTermination
                0x200011e4       0x14 ./Middlewares/Third_Party/FreeRTOS/Source/tasks.o
 .bss.uxDeletedTasksWaitingCleanUp
                0x200011f8        0x4 ./Middlewares/Third_Party/FreeRTOS/Source/tasks.o
 .bss.xSuspendedTaskList
                0x200011fc       0x14 ./Middlewares/Third_Party/FreeRTOS/Source/tasks.o
 .bss.uxCurrentNumberOfTasks
                0x20001210        0x4 ./Middlewares/Third_Party/FreeRTOS/Source/tasks.o
 .bss.xTickCount
                0x20001214        0x4 ./Middlewares/Third_Party/FreeRTOS/Source/tasks.o
 .bss.uxTopReadyPriority
                0x20001218        0x4 ./Middlewares/Third_Party/FreeRTOS/Source/tasks.o
 .bss.xSchedulerRunning
                0x2000121c        0x4 ./Middlewares/Third_Party/FreeRTOS/Source/tasks.o
 .bss.xPendedTicks
                0x20001220        0x4 ./Middlewares/Third_Party/FreeRTOS/Source/tasks.o
 .bss.xYieldPending
                0x20001224        0x4 ./Middlewares/Third_Party/FreeRTOS/Source/tasks.o
 .bss.xNumOfOverflows
                0x20001228        0x4 ./Middlewares/Third_Party/FreeRTOS/Source/tasks.o
 .bss.uxTaskNumber
                0x2000122c        0x4 ./Middlewares/Third_Party/FreeRTOS/Source/tasks.o
 .bss.xNextTaskUnblockTime
                0x20001230        0x4 ./Middlewares/Third_Party/FreeRTOS/Source/tasks.o
 .bss.xIdleTaskHandle
                0x20001234        0x4 ./Middlewares/Third_Party/FreeRTOS/Source/tasks.o
 .bss.uxSchedulerSuspended
                0x20001238        0x4 ./Middlewares/Third_Party/FreeRTOS/Source/tasks.o
 .bss.xActiveTimerList1
                0x2000123c       0x14 ./Middlewares/Third_Party/FreeRTOS/Source/timers.o
 .bss.xActiveTimerList2
                0x20001250       0x14 ./Middlewares/Third_Party/FreeRTOS/Source/timers.o
 .bss.pxCurrentTimerList
                0x20001264        0x4 ./Middlewares/Third_Party/FreeRTOS/Source/timers.o
 .bss.pxOverflowTimerList
                0x20001268        0x4 ./Middlewares/Third_Party/FreeRTOS/Source/timers.o
 .bss.xTimerQueue
                0x2000126c        0x4 ./Middlewares/Third_Party/FreeRTOS/Source/timers.o
 .bss.xTimerTaskHandle
                0x20001270        0x4 ./Middlewares/Third_Party/FreeRTOS/Source/timers.o
 .bss.xLastTime.2
                0x20001274        0x4 ./Middlewares/Third_Party/FreeRTOS/Source/timers.o
 .bss.ucStaticTimerQueueStorage.1
                0x20001278       0xa0 ./Middlewares/Third_Party/FreeRTOS/Source/timers.o
 .bss.xStaticTimerQueue.0
                0x20001318       0x50 ./Middlewares/Third_Party/FreeRTOS/Source/timers.o
 .bss.ucMaxSysCallPriority
                0x20001368        0x1 ./Middlewares/Third_Party/FreeRTOS/Source/portable/GCC/ARM_CM4F/port.o
 *fill*         0x20001369        0x3 
 .bss.ulMaxPRIGROUPValue
                0x2000136c        0x4 ./Middlewares/Third_Party/FreeRTOS/Source/portable/GCC/ARM_CM4F/port.o
 .bss.ucHeap    0x20001370     0x3c00 ./Middlewares/Third_Party/FreeRTOS/Source/portable/MemMang/heap_4.o
 .bss.xStart    0x20004f70        0x8 ./Middlewares/Third_Party/FreeRTOS/Source/portable/MemMang/heap_4.o
 .bss.pxEnd     0x20004f78        0x4 ./Middlewares/Third_Party/FreeRTOS/Source/portable/MemMang/heap_4.o
 .bss.xFreeBytesRemaining
                0x20004f7c        0x4 ./Middlewares/Third_Party/FreeRTOS/Source/portable/MemMang/heap_4.o
 .bss.xMinimumEverFreeBytesRemaining
                0x20004f80        0x4 ./Middlewares/Third_Party/FreeRTOS/Source/portable/MemMang/heap_4.o
 .bss.xNumberOfSuccessfulAllocations
                0x20004f84        0x4 ./Middlewares/Third_Party/FreeRTOS/Source/portable/MemMang/heap_4.o
 .bss.xNumberOfSuccessfulFrees
                0x20004f88        0x4 ./Middlewares/Third_Party/FreeRTOS/Source/portable/MemMang/heap_4.o
 .bss.xBlockAllocatedBit
                0x20004f8c        0x4 ./Middlewares/Third_Party/FreeRTOS/Source/portable/MemMang/heap_4.o
 .bss.__sf      0x20004f90      0x138 C:/ST/STM32CubeIDE_1.17.0/STM32CubeIDE/plugins/com.st.stm32cube.ide.mcu.externaltools.gnu-tools-for-stm32.12.3.rel1.win32_1.1.0.202410251130/tools/bin/../lib/gcc/arm-none-eabi/12.3.1/../../../../arm-none-eabi/lib/thumb/v7e-m+fp/hard\libc_nano.a(libc_a-findfp.o)
                0x20004f90                __sf
 .bss.errno     0x200050c8        0x4 C:/ST/STM32CubeIDE_1.17.0/STM32CubeIDE/plugins/com.st.stm32cube.ide.mcu.externaltools.gnu-tools-for-stm32.12.3.rel1.win32_1.1.0.202410251130/tools/bin/../lib/gcc/arm-none-eabi/12.3.1/../../../../arm-none-eabi/lib/thumb/v7e-m+fp/hard\libc_nano.a(libc_a-reent.o)
                0x200050c8                errno
 .bss.__lock___malloc_recursive_mutex
                0x200050cc        0x1 C:/ST/STM32CubeIDE_1.17.0/STM32CubeIDE/plugins/com.st.stm32cube.ide.mcu.externaltools.gnu-tools-for-stm32.12.3.rel1.win32_1.1.0.202410251130/tools/bin/../lib/gcc/arm-none-eabi/12.3.1/../../../../arm-none-eabi/lib/thumb/v7e-m+fp/hard\libc_nano.a(libc_a-lock.o)
                0x200050cc                __lock___malloc_recursive_mutex
 *fill*         0x200050cd        0x3 
 .bss.__malloc_sbrk_start
                0x200050d0        0x4 C:/ST/STM32CubeIDE_1.17.0/STM32CubeIDE/plugins/com.st.stm32cube.ide.mcu.externaltools.gnu-tools-for-stm32.12.3.rel1.win32_1.1.0.202410251130/tools/bin/../lib/gcc/arm-none-eabi/12.3.1/../../../../arm-none-eabi/lib/thumb/v7e-m+fp/hard\libc_nano.a(libc_a-mallocr.o)
                0x200050d0                __malloc_sbrk_start
 .bss.__malloc_free_list
                0x200050d4        0x4 C:/ST/STM32CubeIDE_1.17.0/STM32CubeIDE/plugins/com.st.stm32cube.ide.mcu.externaltools.gnu-tools-for-stm32.12.3.rel1.win32_1.1.0.202410251130/tools/bin/../lib/gcc/arm-none-eabi/12.3.1/../../../../arm-none-eabi/lib/thumb/v7e-m+fp/hard\libc_nano.a(libc_a-mallocr.o)
                0x200050d4                __malloc_free_list
 *(COMMON)
                0x200050d8                        . = ALIGN (0x4)
                0x200050d8                        _ebss = .
                0x200050d8                        __bss_end__ = _ebss

._user_heap_stack
                0x200050d8      0x600 load address 0x08009c84
                0x200050d8                        . = ALIGN (0x8)
                [!provide]                        PROVIDE (end = .)
                0x200050d8                        PROVIDE (_end = .)
                0x200052d8                        . = (. + _Min_Heap_Size)
 *fill*         0x200050d8      0x200 
                0x200056d8                        . = (. + _Min_Stack_Size)
 *fill*         0x200052d8      0x400 
                0x200056d8                        . = ALIGN (0x8)

/DISCARD/
 libc.a(*)
 libm.a(*)
 libgcc.a(*)

.ARM.attributes
                0x00000000       0x30
 *(.ARM.attributes)
 .ARM.attributes
                0x00000000       0x22 C:/ST/STM32CubeIDE_1.17.0/STM32CubeIDE/plugins/com.st.stm32cube.ide.mcu.externaltools.gnu-tools-for-stm32.12.3.rel1.win32_1.1.0.202410251130/tools/bin/../lib/gcc/arm-none-eabi/12.3.1/thumb/v7e-m+fp/hard/crti.o
 .ARM.attributes
                0x00000022       0x34 C:/ST/STM32CubeIDE_1.17.0/STM32CubeIDE/plugins/com.st.stm32cube.ide.mcu.externaltools.gnu-tools-for-stm32.12.3.rel1.win32_1.1.0.202410251130/tools/bin/../lib/gcc/arm-none-eabi/12.3.1/thumb/v7e-m+fp/hard/crtbegin.o
 .ARM.attributes
                0x00000056       0x34 ./Core/Src/Keypad4X4.o
 .ARM.attributes
                0x0000008a       0x34 ./Core/Src/fonts.o
 .ARM.attributes
                0x000000be       0x34 ./Core/Src/main.o
 .ARM.attributes
                0x000000f2       0x34 ./Core/Src/ssd1306.o
 .ARM.attributes
                0x00000126       0x34 ./Core/Src/stm32f4xx_hal_msp.o
 .ARM.attributes
                0x0000015a       0x34 ./Core/Src/stm32f4xx_hal_timebase_tim.o
 .ARM.attributes
                0x0000018e       0x34 ./Core/Src/stm32f4xx_it.o
 .ARM.attributes
                0x000001c2       0x34 ./Core/Src/sysmem.o
 .ARM.attributes
                0x000001f6       0x34 ./Core/Src/system_stm32f4xx.o
 .ARM.attributes
                0x0000022a       0x21 ./Core/Startup/startup_stm32f446retx.o
 .ARM.attributes
                0x0000024b       0x34 ./Drivers/STM32F4xx_HAL_Driver/Src/stm32f4xx_hal.o
 .ARM.attributes
                0x0000027f       0x34 ./Drivers/STM32F4xx_HAL_Driver/Src/stm32f4xx_hal_cortex.o
 .ARM.attributes
                0x000002b3       0x34 ./Drivers/STM32F4xx_HAL_Driver/Src/stm32f4xx_hal_gpio.o
 .ARM.attributes
                0x000002e7       0x34 ./Drivers/STM32F4xx_HAL_Driver/Src/stm32f4xx_hal_i2c.o
 .ARM.attributes
                0x0000031b       0x34 ./Drivers/STM32F4xx_HAL_Driver/Src/stm32f4xx_hal_rcc.o
 .ARM.attributes
                0x0000034f       0x34 ./Drivers/STM32F4xx_HAL_Driver/Src/stm32f4xx_hal_rcc_ex.o
 .ARM.attributes
                0x00000383       0x34 ./Drivers/STM32F4xx_HAL_Driver/Src/stm32f4xx_hal_tim.o
 .ARM.attributes
                0x000003b7       0x34 ./Drivers/STM32F4xx_HAL_Driver/Src/stm32f4xx_hal_tim_ex.o
 .ARM.attributes
                0x000003eb       0x34 ./Drivers/STM32F4xx_HAL_Driver/Src/stm32f4xx_hal_uart.o
 .ARM.attributes
                0x0000041f       0x34 ./Middlewares/Third_Party/FreeRTOS/Source/CMSIS_RTOS_V2/cmsis_os2.o
 .ARM.attributes
                0x00000453       0x34 ./Middlewares/Third_Party/FreeRTOS/Source/list.o
 .ARM.attributes
                0x00000487       0x34 ./Middlewares/Third_Party/FreeRTOS/Source/queue.o
 .ARM.attributes
                0x000004bb       0x34 ./Middlewares/Third_Party/FreeRTOS/Source/tasks.o
 .ARM.attributes
                0x000004ef       0x34 ./Middlewares/Third_Party/FreeRTOS/Source/timers.o
 .ARM.attributes
                0x00000523       0x34 ./Middlewares/Third_Party/FreeRTOS/Source/portable/GCC/ARM_CM4F/port.o
 .ARM.attributes
                0x00000557       0x34 ./Middlewares/Third_Party/FreeRTOS/Source/portable/MemMang/heap_4.o
 .ARM.attributes
                0x0000058b       0x34 C:/ST/STM32CubeIDE_1.17.0/STM32CubeIDE/plugins/com.st.stm32cube.ide.mcu.externaltools.gnu-tools-for-stm32.12.3.rel1.win32_1.1.0.202410251130/tools/bin/../lib/gcc/arm-none-eabi/12.3.1/../../../../arm-none-eabi/lib/thumb/v7e-m+fp/hard\libc_nano.a(libc_a-findfp.o)
 .ARM.attributes
                0x000005bf       0x34 C:/ST/STM32CubeIDE_1.17.0/STM32CubeIDE/plugins/com.st.stm32cube.ide.mcu.externaltools.gnu-tools-for-stm32.12.3.rel1.win32_1.1.0.202410251130/tools/bin/../lib/gcc/arm-none-eabi/12.3.1/../../../../arm-none-eabi/lib/thumb/v7e-m+fp/hard\libc_nano.a(libc_a-snprintf.o)
 .ARM.attributes
                0x000005f3       0x34 C:/ST/STM32CubeIDE_1.17.0/STM32CubeIDE/plugins/com.st.stm32cube.ide.mcu.externaltools.gnu-tools-for-stm32.12.3.rel1.win32_1.1.0.202410251130/tools/bin/../lib/gcc/arm-none-eabi/12.3.1/../../../../arm-none-eabi/lib/thumb/v7e-m+fp/hard\libc_nano.a(libc_a-sprintf.o)
 .ARM.attributes
                0x00000627       0x34 C:/ST/STM32CubeIDE_1.17.0/STM32CubeIDE/plugins/com.st.stm32cube.ide.mcu.externaltools.gnu-tools-for-stm32.12.3.rel1.win32_1.1.0.202410251130/tools/bin/../lib/gcc/arm-none-eabi/12.3.1/../../../../arm-none-eabi/lib/thumb/v7e-m+fp/hard\libc_nano.a(libc_a-memset.o)
 .ARM.attributes
                0x0000065b       0x34 C:/ST/STM32CubeIDE_1.17.0/STM32CubeIDE/plugins/com.st.stm32cube.ide.mcu.externaltools.gnu-tools-for-stm32.12.3.rel1.win32_1.1.0.202410251130/tools/bin/../lib/gcc/arm-none-eabi/12.3.1/../../../../arm-none-eabi/lib/thumb/v7e-m+fp/hard\libc_nano.a(libc_a-reent.o)
 .ARM.attributes
                0x0000068f       0x34 C:/ST/STM32CubeIDE_1.17.0/STM32CubeIDE/plugins/com.st.stm32cube.ide.mcu.externaltools.gnu-tools-for-stm32.12.3.rel1.win32_1.1.0.202410251130/tools/bin/../lib/gcc/arm-none-eabi/12.3.1/../../../../arm-none-eabi/lib/thumb/v7e-m+fp/hard\libc_nano.a(libc_a-impure.o)
 .ARM.attributes
                0x000006c3       0x34 C:/ST/STM32CubeIDE_1.17.0/STM32CubeIDE/plugins/com.st.stm32cube.ide.mcu.externaltools.gnu-tools-for-stm32.12.3.rel1.win32_1.1.0.202410251130/tools/bin/../lib/gcc/arm-none-eabi/12.3.1/../../../../arm-none-eabi/lib/thumb/v7e-m+fp/hard\libc_nano.a(libc_a-errno.o)
 .ARM.attributes
                0x000006f7       0x34 C:/ST/STM32CubeIDE_1.17.0/STM32CubeIDE/plugins/com.st.stm32cube.ide.mcu.externaltools.gnu-tools-for-stm32.12.3.rel1.win32_1.1.0.202410251130/tools/bin/../lib/gcc/arm-none-eabi/12.3.1/../../../../arm-none-eabi/lib/thumb/v7e-m+fp/hard\libc_nano.a(libc_a-init.o)
 .ARM.attributes
                0x0000072b       0x34 C:/ST/STM32CubeIDE_1.17.0/STM32CubeIDE/plugins/com.st.stm32cube.ide.mcu.externaltools.gnu-tools-for-stm32.12.3.rel1.win32_1.1.0.202410251130/tools/bin/../lib/gcc/arm-none-eabi/12.3.1/../../../../arm-none-eabi/lib/thumb/v7e-m+fp/hard\libc_nano.a(libc_a-lock.o)
 .ARM.attributes
                0x0000075f       0x34 C:/ST/STM32CubeIDE_1.17.0/STM32CubeIDE/plugins/com.st.stm32cube.ide.mcu.externaltools.gnu-tools-for-stm32.12.3.rel1.win32_1.1.0.202410251130/tools/bin/../lib/gcc/arm-none-eabi/12.3.1/../../../../arm-none-eabi/lib/thumb/v7e-m+fp/hard\libc_nano.a(libc_a-memcpy-stub.o)
 .ARM.attributes
                0x00000793       0x17 C:/ST/STM32CubeIDE_1.17.0/STM32CubeIDE/plugins/com.st.stm32cube.ide.mcu.externaltools.gnu-tools-for-stm32.12.3.rel1.win32_1.1.0.202410251130/tools/bin/../lib/gcc/arm-none-eabi/12.3.1/../../../../arm-none-eabi/lib/thumb/v7e-m+fp/hard\libc_nano.a(libc_a-strlen.o)
 .ARM.attributes
                0x000007aa       0x34 C:/ST/STM32CubeIDE_1.17.0/STM32CubeIDE/plugins/com.st.stm32cube.ide.mcu.externaltools.gnu-tools-for-stm32.12.3.rel1.win32_1.1.0.202410251130/tools/bin/../lib/gcc/arm-none-eabi/12.3.1/../../../../arm-none-eabi/lib/thumb/v7e-m+fp/hard\libc_nano.a(libc_a-freer.o)
 .ARM.attributes
                0x000007de       0x34 C:/ST/STM32CubeIDE_1.17.0/STM32CubeIDE/plugins/com.st.stm32cube.ide.mcu.externaltools.gnu-tools-for-stm32.12.3.rel1.win32_1.1.0.202410251130/tools/bin/../lib/gcc/arm-none-eabi/12.3.1/../../../../arm-none-eabi/lib/thumb/v7e-m+fp/hard\libc_nano.a(libc_a-mallocr.o)
 .ARM.attributes
                0x00000812       0x34 C:/ST/STM32CubeIDE_1.17.0/STM32CubeIDE/plugins/com.st.stm32cube.ide.mcu.externaltools.gnu-tools-for-stm32.12.3.rel1.win32_1.1.0.202410251130/tools/bin/../lib/gcc/arm-none-eabi/12.3.1/../../../../arm-none-eabi/lib/thumb/v7e-m+fp/hard\libc_nano.a(libc_a-mlock.o)
 .ARM.attributes
                0x00000846       0x34 C:/ST/STM32CubeIDE_1.17.0/STM32CubeIDE/plugins/com.st.stm32cube.ide.mcu.externaltools.gnu-tools-for-stm32.12.3.rel1.win32_1.1.0.202410251130/tools/bin/../lib/gcc/arm-none-eabi/12.3.1/../../../../arm-none-eabi/lib/thumb/v7e-m+fp/hard\libc_nano.a(libc_a-nano-svfprintf.o)
 .ARM.attributes
                0x0000087a       0x34 C:/ST/STM32CubeIDE_1.17.0/STM32CubeIDE/plugins/com.st.stm32cube.ide.mcu.externaltools.gnu-tools-for-stm32.12.3.rel1.win32_1.1.0.202410251130/tools/bin/../lib/gcc/arm-none-eabi/12.3.1/../../../../arm-none-eabi/lib/thumb/v7e-m+fp/hard\libc_nano.a(libc_a-nano-vfprintf_i.o)
 .ARM.attributes
                0x000008ae       0x34 C:/ST/STM32CubeIDE_1.17.0/STM32CubeIDE/plugins/com.st.stm32cube.ide.mcu.externaltools.gnu-tools-for-stm32.12.3.rel1.win32_1.1.0.202410251130/tools/bin/../lib/gcc/arm-none-eabi/12.3.1/../../../../arm-none-eabi/lib/thumb/v7e-m+fp/hard\libc_nano.a(libc_a-memmove.o)
 .ARM.attributes
                0x000008e2       0x34 C:/ST/STM32CubeIDE_1.17.0/STM32CubeIDE/plugins/com.st.stm32cube.ide.mcu.externaltools.gnu-tools-for-stm32.12.3.rel1.win32_1.1.0.202410251130/tools/bin/../lib/gcc/arm-none-eabi/12.3.1/../../../../arm-none-eabi/lib/thumb/v7e-m+fp/hard\libc_nano.a(libc_a-sbrkr.o)
 .ARM.attributes
                0x00000916       0x1c C:/ST/STM32CubeIDE_1.17.0/STM32CubeIDE/plugins/com.st.stm32cube.ide.mcu.externaltools.gnu-tools-for-stm32.12.3.rel1.win32_1.1.0.202410251130/tools/bin/../lib/gcc/arm-none-eabi/12.3.1/../../../../arm-none-eabi/lib/thumb/v7e-m+fp/hard\libc_nano.a(libc_a-memchr.o)
 .ARM.attributes
                0x00000932       0x34 C:/ST/STM32CubeIDE_1.17.0/STM32CubeIDE/plugins/com.st.stm32cube.ide.mcu.externaltools.gnu-tools-for-stm32.12.3.rel1.win32_1.1.0.202410251130/tools/bin/../lib/gcc/arm-none-eabi/12.3.1/../../../../arm-none-eabi/lib/thumb/v7e-m+fp/hard\libc_nano.a(libc_a-reallocr.o)
 .ARM.attributes
                0x00000966       0x34 C:/ST/STM32CubeIDE_1.17.0/STM32CubeIDE/plugins/com.st.stm32cube.ide.mcu.externaltools.gnu-tools-for-stm32.12.3.rel1.win32_1.1.0.202410251130/tools/bin/../lib/gcc/arm-none-eabi/12.3.1/../../../../arm-none-eabi/lib/thumb/v7e-m+fp/hard\libc_nano.a(libc_a-msizer.o)
 .ARM.attributes
                0x0000099a       0x22 C:/ST/STM32CubeIDE_1.17.0/STM32CubeIDE/plugins/com.st.stm32cube.ide.mcu.externaltools.gnu-tools-for-stm32.12.3.rel1.win32_1.1.0.202410251130/tools/bin/../lib/gcc/arm-none-eabi/12.3.1/thumb/v7e-m+fp/hard\libgcc.a(_aeabi_uldivmod.o)
 .ARM.attributes
                0x000009bc       0x34 C:/ST/STM32CubeIDE_1.17.0/STM32CubeIDE/plugins/com.st.stm32cube.ide.mcu.externaltools.gnu-tools-for-stm32.12.3.rel1.win32_1.1.0.202410251130/tools/bin/../lib/gcc/arm-none-eabi/12.3.1/thumb/v7e-m+fp/hard\libgcc.a(_udivmoddi4.o)
 .ARM.attributes
                0x000009f0       0x22 C:/ST/STM32CubeIDE_1.17.0/STM32CubeIDE/plugins/com.st.stm32cube.ide.mcu.externaltools.gnu-tools-for-stm32.12.3.rel1.win32_1.1.0.202410251130/tools/bin/../lib/gcc/arm-none-eabi/12.3.1/thumb/v7e-m+fp/hard\libgcc.a(_dvmd_tls.o)
 .ARM.attributes
                0x00000a12       0x22 C:/ST/STM32CubeIDE_1.17.0/STM32CubeIDE/plugins/com.st.stm32cube.ide.mcu.externaltools.gnu-tools-for-stm32.12.3.rel1.win32_1.1.0.202410251130/tools/bin/../lib/gcc/arm-none-eabi/12.3.1/thumb/v7e-m+fp/hard/crtn.o
OUTPUT(0004_Alarm_Keypad.elf elf32-littlearm)
LOAD linker stubs
LOAD C:/ST/STM32CubeIDE_1.17.0/STM32CubeIDE/plugins/com.st.stm32cube.ide.mcu.externaltools.gnu-tools-for-stm32.12.3.rel1.win32_1.1.0.202410251130/tools/bin/../lib/gcc/arm-none-eabi/12.3.1/../../../../arm-none-eabi/lib/thumb/v7e-m+fp/hard\libc.a
LOAD C:/ST/STM32CubeIDE_1.17.0/STM32CubeIDE/plugins/com.st.stm32cube.ide.mcu.externaltools.gnu-tools-for-stm32.12.3.rel1.win32_1.1.0.202410251130/tools/bin/../lib/gcc/arm-none-eabi/12.3.1/../../../../arm-none-eabi/lib/thumb/v7e-m+fp/hard\libm.a
LOAD C:/ST/STM32CubeIDE_1.17.0/STM32CubeIDE/plugins/com.st.stm32cube.ide.mcu.externaltools.gnu-tools-for-stm32.12.3.rel1.win32_1.1.0.202410251130/tools/bin/../lib/gcc/arm-none-eabi/12.3.1/thumb/v7e-m+fp/hard\libgcc.a

.debug_info     0x00000000    0x1c554
 .debug_info    0x00000000      0x1fc ./Core/Src/Keypad4X4.o
 .debug_info    0x000001fc      0x255 ./Core/Src/fonts.o
 .debug_info    0x00000451     0x18b1 ./Core/Src/main.o
 .debug_info    0x00001d02     0x1081 ./Core/Src/ssd1306.o
 .debug_info    0x00002d83      0xea8 ./Core/Src/stm32f4xx_hal_msp.o
 .debug_info    0x00003c2b      0xc44 ./Core/Src/stm32f4xx_hal_timebase_tim.o
 .debug_info    0x0000486f      0x6ab ./Core/Src/stm32f4xx_it.o
 .debug_info    0x00004f1a      0x168 ./Core/Src/sysmem.o
 .debug_info    0x00005082      0x54a ./Core/Src/system_stm32f4xx.o
 .debug_info    0x000055cc       0x30 ./Core/Startup/startup_stm32f446retx.o
 .debug_info    0x000055fc      0x99a ./Drivers/STM32F4xx_HAL_Driver/Src/stm32f4xx_hal.o
 .debug_info    0x00005f96      0xd75 ./Drivers/STM32F4xx_HAL_Driver/Src/stm32f4xx_hal_cortex.o
 .debug_info    0x00006d0b      0x70b ./Drivers/STM32F4xx_HAL_Driver/Src/stm32f4xx_hal_gpio.o
 .debug_info    0x00007416     0x2421 ./Drivers/STM32F4xx_HAL_Driver/Src/stm32f4xx_hal_i2c.o
 .debug_info    0x00009837      0x8ed ./Drivers/STM32F4xx_HAL_Driver/Src/stm32f4xx_hal_rcc.o
 .debug_info    0x0000a124      0x956 ./Drivers/STM32F4xx_HAL_Driver/Src/stm32f4xx_hal_rcc_ex.o
 .debug_info    0x0000aa7a     0x299d ./Drivers/STM32F4xx_HAL_Driver/Src/stm32f4xx_hal_tim.o
 .debug_info    0x0000d417     0x14db ./Drivers/STM32F4xx_HAL_Driver/Src/stm32f4xx_hal_tim_ex.o
 .debug_info    0x0000e8f2     0x2f4f ./Drivers/STM32F4xx_HAL_Driver/Src/stm32f4xx_hal_uart.o
 .debug_info    0x00011841     0x4127 ./Middlewares/Third_Party/FreeRTOS/Source/CMSIS_RTOS_V2/cmsis_os2.o
 .debug_info    0x00015968      0x2af ./Middlewares/Third_Party/FreeRTOS/Source/list.o
 .debug_info    0x00015c17     0x1b79 ./Middlewares/Third_Party/FreeRTOS/Source/queue.o
 .debug_info    0x00017790     0x28c1 ./Middlewares/Third_Party/FreeRTOS/Source/tasks.o
 .debug_info    0x0001a051     0x1b50 ./Middlewares/Third_Party/FreeRTOS/Source/timers.o
 .debug_info    0x0001bba1      0x4de ./Middlewares/Third_Party/FreeRTOS/Source/portable/GCC/ARM_CM4F/port.o
 .debug_info    0x0001c07f      0x4d5 ./Middlewares/Third_Party/FreeRTOS/Source/portable/MemMang/heap_4.o

.debug_abbrev   0x00000000     0x3c42
 .debug_abbrev  0x00000000      0x131 ./Core/Src/Keypad4X4.o
 .debug_abbrev  0x00000131      0x11c ./Core/Src/fonts.o
 .debug_abbrev  0x0000024d      0x35b ./Core/Src/main.o
 .debug_abbrev  0x000005a8      0x30d ./Core/Src/ssd1306.o
 .debug_abbrev  0x000008b5      0x1ca ./Core/Src/stm32f4xx_hal_msp.o
 .debug_abbrev  0x00000a7f      0x1f4 ./Core/Src/stm32f4xx_hal_timebase_tim.o
 .debug_abbrev  0x00000c73      0x17d ./Core/Src/stm32f4xx_it.o
 .debug_abbrev  0x00000df0       0xbc ./Core/Src/sysmem.o
 .debug_abbrev  0x00000eac      0x11a ./Core/Src/system_stm32f4xx.o
 .debug_abbrev  0x00000fc6       0x24 ./Core/Startup/startup_stm32f446retx.o
 .debug_abbrev  0x00000fea      0x214 ./Drivers/STM32F4xx_HAL_Driver/Src/stm32f4xx_hal.o
 .debug_abbrev  0x000011fe      0x328 ./Drivers/STM32F4xx_HAL_Driver/Src/stm32f4xx_hal_cortex.o
 .debug_abbrev  0x00001526      0x1d4 ./Drivers/STM32F4xx_HAL_Driver/Src/stm32f4xx_hal_gpio.o
 .debug_abbrev  0x000016fa      0x2ad ./Drivers/STM32F4xx_HAL_Driver/Src/stm32f4xx_hal_i2c.o
 .debug_abbrev  0x000019a7      0x2b6 ./Drivers/STM32F4xx_HAL_Driver/Src/stm32f4xx_hal_rcc.o
 .debug_abbrev  0x00001c5d      0x20a ./Drivers/STM32F4xx_HAL_Driver/Src/stm32f4xx_hal_rcc_ex.o
 .debug_abbrev  0x00001e67      0x278 ./Drivers/STM32F4xx_HAL_Driver/Src/stm32f4xx_hal_tim.o
 .debug_abbrev  0x000020df      0x283 ./Drivers/STM32F4xx_HAL_Driver/Src/stm32f4xx_hal_tim_ex.o
 .debug_abbrev  0x00002362      0x30e ./Drivers/STM32F4xx_HAL_Driver/Src/stm32f4xx_hal_uart.o
 .debug_abbrev  0x00002670      0x548 ./Middlewares/Third_Party/FreeRTOS/Source/CMSIS_RTOS_V2/cmsis_os2.o
 .debug_abbrev  0x00002bb8       0xf5 ./Middlewares/Third_Party/FreeRTOS/Source/list.o
 .debug_abbrev  0x00002cad      0x3b6 ./Middlewares/Third_Party/FreeRTOS/Source/queue.o
 .debug_abbrev  0x00003063      0x3fe ./Middlewares/Third_Party/FreeRTOS/Source/tasks.o
 .debug_abbrev  0x00003461      0x368 ./Middlewares/Third_Party/FreeRTOS/Source/timers.o
 .debug_abbrev  0x000037c9      0x25c ./Middlewares/Third_Party/FreeRTOS/Source/portable/GCC/ARM_CM4F/port.o
 .debug_abbrev  0x00003a25      0x21d ./Middlewares/Third_Party/FreeRTOS/Source/portable/MemMang/heap_4.o

.debug_aranges  0x00000000     0x1838
 .debug_aranges
                0x00000000       0x20 ./Core/Src/Keypad4X4.o
 .debug_aranges
                0x00000020       0x20 ./Core/Src/fonts.o
 .debug_aranges
                0x00000040       0x68 ./Core/Src/main.o
 .debug_aranges
                0x000000a8       0xf8 ./Core/Src/ssd1306.o
 .debug_aranges
                0x000001a0       0x40 ./Core/Src/stm32f4xx_hal_msp.o
 .debug_aranges
                0x000001e0       0x30 ./Core/Src/stm32f4xx_hal_timebase_tim.o
 .debug_aranges
                0x00000210       0x50 ./Core/Src/stm32f4xx_it.o
 .debug_aranges
                0x00000260       0x20 ./Core/Src/sysmem.o
 .debug_aranges
                0x00000280       0x28 ./Core/Src/system_stm32f4xx.o
 .debug_aranges
                0x000002a8       0x28 ./Core/Startup/startup_stm32f446retx.o
 .debug_aranges
                0x000002d0       0xf0 ./Drivers/STM32F4xx_HAL_Driver/Src/stm32f4xx_hal.o
 .debug_aranges
                0x000003c0      0x120 ./Drivers/STM32F4xx_HAL_Driver/Src/stm32f4xx_hal_cortex.o
 .debug_aranges
                0x000004e0       0x58 ./Drivers/STM32F4xx_HAL_Driver/Src/stm32f4xx_hal_gpio.o
 .debug_aranges
                0x00000538      0x2a8 ./Drivers/STM32F4xx_HAL_Driver/Src/stm32f4xx_hal_i2c.o
 .debug_aranges
                0x000007e0       0x88 ./Drivers/STM32F4xx_HAL_Driver/Src/stm32f4xx_hal_rcc.o
 .debug_aranges
                0x00000868       0x78 ./Drivers/STM32F4xx_HAL_Driver/Src/stm32f4xx_hal_rcc_ex.o
 .debug_aranges
                0x000008e0      0x3d0 ./Drivers/STM32F4xx_HAL_Driver/Src/stm32f4xx_hal_tim.o
 .debug_aranges
                0x00000cb0      0x168 ./Drivers/STM32F4xx_HAL_Driver/Src/stm32f4xx_hal_tim_ex.o
 .debug_aranges
                0x00000e18      0x208 ./Drivers/STM32F4xx_HAL_Driver/Src/stm32f4xx_hal_uart.o
 .debug_aranges
                0x00001020      0x2b0 ./Middlewares/Third_Party/FreeRTOS/Source/CMSIS_RTOS_V2/cmsis_os2.o
 .debug_aranges
                0x000012d0       0x40 ./Middlewares/Third_Party/FreeRTOS/Source/list.o
 .debug_aranges
                0x00001310      0x158 ./Middlewares/Third_Party/FreeRTOS/Source/queue.o
 .debug_aranges
                0x00001468      0x208 ./Middlewares/Third_Party/FreeRTOS/Source/tasks.o
 .debug_aranges
                0x00001670       0xf0 ./Middlewares/Third_Party/FreeRTOS/Source/timers.o
 .debug_aranges
                0x00001760       0x80 ./Middlewares/Third_Party/FreeRTOS/Source/portable/GCC/ARM_CM4F/port.o
 .debug_aranges
                0x000017e0       0x58 ./Middlewares/Third_Party/FreeRTOS/Source/portable/MemMang/heap_4.o

.debug_rnglists
                0x00000000     0x12fb
 .debug_rnglists
                0x00000000       0x14 ./Core/Src/Keypad4X4.o
 .debug_rnglists
                0x00000014       0x13 ./Core/Src/fonts.o
 .debug_rnglists
                0x00000027       0x4e ./Core/Src/main.o
 .debug_rnglists
                0x00000075       0xc2 ./Core/Src/ssd1306.o
 .debug_rnglists
                0x00000137       0x2d ./Core/Src/stm32f4xx_hal_msp.o
 .debug_rnglists
                0x00000164       0x20 ./Core/Src/stm32f4xx_hal_timebase_tim.o
 .debug_rnglists
                0x00000184       0x37 ./Core/Src/stm32f4xx_it.o
 .debug_rnglists
                0x000001bb       0x13 ./Core/Src/sysmem.o
 .debug_rnglists
                0x000001ce       0x1a ./Core/Src/system_stm32f4xx.o
 .debug_rnglists
                0x000001e8       0x19 ./Core/Startup/startup_stm32f446retx.o
 .debug_rnglists
                0x00000201       0xaf ./Drivers/STM32F4xx_HAL_Driver/Src/stm32f4xx_hal.o
 .debug_rnglists
                0x000002b0       0xd4 ./Drivers/STM32F4xx_HAL_Driver/Src/stm32f4xx_hal_cortex.o
 .debug_rnglists
                0x00000384       0x3f ./Drivers/STM32F4xx_HAL_Driver/Src/stm32f4xx_hal_gpio.o
 .debug_rnglists
                0x000003c3      0x23c ./Drivers/STM32F4xx_HAL_Driver/Src/stm32f4xx_hal_i2c.o
 .debug_rnglists
                0x000005ff       0x66 ./Drivers/STM32F4xx_HAL_Driver/Src/stm32f4xx_hal_rcc.o
 .debug_rnglists
                0x00000665       0x5e ./Drivers/STM32F4xx_HAL_Driver/Src/stm32f4xx_hal_rcc_ex.o
 .debug_rnglists
                0x000006c3      0x31a ./Drivers/STM32F4xx_HAL_Driver/Src/stm32f4xx_hal_tim.o
 .debug_rnglists
                0x000009dd      0x125 ./Drivers/STM32F4xx_HAL_Driver/Src/stm32f4xx_hal_tim_ex.o
 .debug_rnglists
                0x00000b02      0x1bc ./Drivers/STM32F4xx_HAL_Driver/Src/stm32f4xx_hal_uart.o
 .debug_rnglists
                0x00000cbe      0x212 ./Middlewares/Third_Party/FreeRTOS/Source/CMSIS_RTOS_V2/cmsis_os2.o
 .debug_rnglists
                0x00000ed0       0x2b ./Middlewares/Third_Party/FreeRTOS/Source/list.o
 .debug_rnglists
                0x00000efb      0x109 ./Middlewares/Third_Party/FreeRTOS/Source/queue.o
 .debug_rnglists
                0x00001004      0x1a0 ./Middlewares/Third_Party/FreeRTOS/Source/tasks.o
 .debug_rnglists
                0x000011a4       0xb8 ./Middlewares/Third_Party/FreeRTOS/Source/timers.o
 .debug_rnglists
                0x0000125c       0x5d ./Middlewares/Third_Party/FreeRTOS/Source/portable/GCC/ARM_CM4F/port.o
 .debug_rnglists
                0x000012b9       0x42 ./Middlewares/Third_Party/FreeRTOS/Source/portable/MemMang/heap_4.o

.debug_macro    0x00000000    0x2477c
 .debug_macro   0x00000000      0x2cf ./Core/Src/Keypad4X4.o
 .debug_macro   0x000002cf      0xab4 ./Core/Src/Keypad4X4.o
 .debug_macro   0x00000d83      0x2a1 ./Core/Src/Keypad4X4.o
 .debug_macro   0x00001024       0x2e ./Core/Src/Keypad4X4.o
 .debug_macro   0x00001052       0x28 ./Core/Src/Keypad4X4.o
 .debug_macro   0x0000107a       0x22 ./Core/Src/Keypad4X4.o
 .debug_macro   0x0000109c       0x8e ./Core/Src/Keypad4X4.o
 .debug_macro   0x0000112a       0x51 ./Core/Src/Keypad4X4.o
 .debug_macro   0x0000117b      0x103 ./Core/Src/Keypad4X4.o
 .debug_macro   0x0000127e       0x6a ./Core/Src/Keypad4X4.o
 .debug_macro   0x000012e8      0x1df ./Core/Src/Keypad4X4.o
 .debug_macro   0x000014c7       0x1c ./Core/Src/Keypad4X4.o
 .debug_macro   0x000014e3       0x22 ./Core/Src/Keypad4X4.o
 .debug_macro   0x00001505       0xfb ./Core/Src/Keypad4X4.o
 .debug_macro   0x00001600     0x1011 ./Core/Src/Keypad4X4.o
 .debug_macro   0x00002611      0x11f ./Core/Src/Keypad4X4.o
 .debug_macro   0x00002730    0x16749 ./Core/Src/Keypad4X4.o
 .debug_macro   0x00018e79       0x6d ./Core/Src/Keypad4X4.o
 .debug_macro   0x00018ee6     0x368c ./Core/Src/Keypad4X4.o
 .debug_macro   0x0001c572      0x189 ./Core/Src/Keypad4X4.o
 .debug_macro   0x0001c6fb       0x5c ./Core/Src/Keypad4X4.o
 .debug_macro   0x0001c757      0xca5 ./Core/Src/Keypad4X4.o
 .debug_macro   0x0001d3fc      0x9e9 ./Core/Src/Keypad4X4.o
 .debug_macro   0x0001dde5      0x115 ./Core/Src/Keypad4X4.o
 .debug_macro   0x0001defa      0x1a0 ./Core/Src/Keypad4X4.o
 .debug_macro   0x0001e09a       0xa5 ./Core/Src/Keypad4X4.o
 .debug_macro   0x0001e13f      0x16d ./Core/Src/Keypad4X4.o
 .debug_macro   0x0001e2ac      0x287 ./Core/Src/Keypad4X4.o
 .debug_macro   0x0001e533       0x5f ./Core/Src/Keypad4X4.o
 .debug_macro   0x0001e592      0x236 ./Core/Src/Keypad4X4.o
 .debug_macro   0x0001e7c8      0x132 ./Core/Src/Keypad4X4.o
 .debug_macro   0x0001e8fa      0x29c ./Core/Src/Keypad4X4.o
 .debug_macro   0x0001eb96       0x2e ./Core/Src/Keypad4X4.o
 .debug_macro   0x0001ebc4      0x1b5 ./Core/Src/Keypad4X4.o
 .debug_macro   0x0001ed79       0x22 ./Core/Src/Keypad4X4.o
 .debug_macro   0x0001ed9b       0xd6 ./Core/Src/Keypad4X4.o
 .debug_macro   0x0001ee71      0x127 ./Core/Src/Keypad4X4.o
 .debug_macro   0x0001ef98       0xe8 ./Core/Src/Keypad4X4.o
 .debug_macro   0x0001f080       0x89 ./Core/Src/Keypad4X4.o
 .debug_macro   0x0001f109      0x8ed ./Core/Src/Keypad4X4.o
 .debug_macro   0x0001f9f6       0x53 ./Core/Src/Keypad4X4.o
 .debug_macro   0x0001fa49      0x2aa ./Core/Src/Keypad4X4.o
 .debug_macro   0x0001fcf3      0x126 ./Core/Src/Keypad4X4.o
 .debug_macro   0x0001fe19       0x22 ./Core/Src/Keypad4X4.o
 .debug_macro   0x0001fe3b       0x2a ./Core/Src/Keypad4X4.o
 .debug_macro   0x0001fe65       0x61 ./Core/Src/Keypad4X4.o
 .debug_macro   0x0001fec6       0x43 ./Core/Src/Keypad4X4.o
 .debug_macro   0x0001ff09       0x34 ./Core/Src/Keypad4X4.o
 .debug_macro   0x0001ff3d       0x16 ./Core/Src/Keypad4X4.o
 .debug_macro   0x0001ff53       0x35 ./Core/Src/Keypad4X4.o
 .debug_macro   0x0001ff88       0x16 ./Core/Src/Keypad4X4.o
 .debug_macro   0x0001ff9e       0x43 ./Core/Src/Keypad4X4.o
 .debug_macro   0x0001ffe1       0x34 ./Core/Src/Keypad4X4.o
 .debug_macro   0x00020015       0x10 ./Core/Src/Keypad4X4.o
 .debug_macro   0x00020025       0x58 ./Core/Src/Keypad4X4.o
 .debug_macro   0x0002007d       0x8e ./Core/Src/Keypad4X4.o
 .debug_macro   0x0002010b       0x1c ./Core/Src/Keypad4X4.o
 .debug_macro   0x00020127      0x177 ./Core/Src/Keypad4X4.o
 .debug_macro   0x0002029e      0x369 ./Core/Src/Keypad4X4.o
 .debug_macro   0x00020607       0x16 ./Core/Src/Keypad4X4.o
 .debug_macro   0x0002061d       0x29 ./Core/Src/Keypad4X4.o
 .debug_macro   0x00020646       0x6a ./Core/Src/Keypad4X4.o
 .debug_macro   0x000206b0      0x2bf ./Core/Src/fonts.o
 .debug_macro   0x0002096f       0x10 ./Core/Src/fonts.o
 .debug_macro   0x0002097f       0x20 ./Core/Src/fonts.o
 .debug_macro   0x0002099f      0x402 ./Core/Src/main.o
 .debug_macro   0x00020da1      0x16f ./Core/Src/main.o
 .debug_macro   0x00020f10       0x66 ./Core/Src/main.o
 .debug_macro   0x00020f76       0x74 ./Core/Src/main.o
 .debug_macro   0x00020fea       0xdd ./Core/Src/main.o
 .debug_macro   0x000210c7       0x1c ./Core/Src/main.o
 .debug_macro   0x000210e3       0x10 ./Core/Src/main.o
 .debug_macro   0x000210f3       0x1c ./Core/Src/main.o
 .debug_macro   0x0002110f       0x16 ./Core/Src/main.o